../Core/My_Lib/mpu6050.c:24:6:mpu_write	32	static
../Core/My_Lib/mpu6050.c:28:6:mpu_reset	8	static
../Core/My_Lib/mpu6050.c:37:6:mpu_init	24	static
../Core/My_Lib/mpu6050.c:66:6:imu_calib_accel	32	static
../Core/My_Lib/mpu6050.c:81:6:imu_read_raw_accel	32	static
../Core/My_Lib/mpu6050.c:97:6:mpu_read_gyro	32	static
../Core/My_Lib/mpu6050.c:110:6:mpu_read_temp	32	static
../Core/My_Lib/mpu6050.c:119:6:mpu_read_accel	32	static
../Core/My_Lib/mpu6050.c:135:7:mpu_get_pitch	16	static
../Core/My_Lib/mpu6050.c:150:7:mpu_get_roll	16	static
../Core/My_Lib/mpu6050.c:156:7:mpu_get_yaw	16	static
