../Core/Src/main.c:106:6:check_task	2
../Core/Src/main.c:117:5:main	1
../Core/Src/main.c:210:6:SystemClock_Config	3
../Core/Src/main.c:257:13:MX_I2C1_Init	2
../Core/Src/main.c:291:13:MX_UART4_Init	2
../Core/Src/main.c:324:13:MX_GPIO_Init	1
../Core/Src/main.c:363:6:HAL_UART_RxCpltCallback	3
../Core/Src/main.c:375:6:string_handle	6
../Core/Src/main.c:400:6:uart_handle	2
../Core/Src/main.c:410:6:imu_handle	1
../Core/Src/main.c:422:6:uartTaskFunc	1
../Core/Src/main.c:444:6:mpuTaskFunc	2
../Core/Src/main.c:477:6:HAL_TIM_PeriodElapsedCallback	2
../Core/Src/main.c:494:6:Error_Handler	2
