Component: ARM Compiler 5.06 update 6 (build 750) Tool: armlink [4d35ed]

==============================================================================

Section Cross References

    startup_stm32f407xx.o(STACK) refers (Special) to heapauxi.o(.text) for __use_two_region_memory
    startup_stm32f407xx.o(HEAP) refers (Special) to heapauxi.o(.text) for __use_two_region_memory
    startup_stm32f407xx.o(RESET) refers (Special) to heapauxi.o(.text) for __use_two_region_memory
    startup_stm32f407xx.o(RESET) refers to startup_stm32f407xx.o(STACK) for __initial_sp
    startup_stm32f407xx.o(RESET) refers to startup_stm32f407xx.o(.text) for Reset_Handler
    startup_stm32f407xx.o(RESET) refers to stm32f4xx_it.o(i.NMI_Handler) for NMI_Handler
    startup_stm32f407xx.o(RESET) refers to stm32f4xx_it.o(i.HardFault_Handler) for HardFault_Handler
    startup_stm32f407xx.o(RESET) refers to stm32f4xx_it.o(i.MemManage_Handler) for MemManage_Handler
    startup_stm32f407xx.o(RESET) refers to stm32f4xx_it.o(i.BusFault_Handler) for BusFault_Handler
    startup_stm32f407xx.o(RESET) refers to stm32f4xx_it.o(i.UsageFault_Handler) for UsageFault_Handler
    startup_stm32f407xx.o(RESET) refers to port.o(.emb_text) for SVC_Handler
    startup_stm32f407xx.o(RESET) refers to stm32f4xx_it.o(i.DebugMon_Handler) for DebugMon_Handler
    startup_stm32f407xx.o(RESET) refers to cmsis_os2.o(i.SysTick_Handler) for SysTick_Handler
    startup_stm32f407xx.o(RESET) refers to exti.o(i.EXTI0_IRQHandler) for EXTI0_IRQHandler
    startup_stm32f407xx.o(RESET) refers to stm32f4xx_it.o(i.TIM1_UP_TIM10_IRQHandler) for TIM1_UP_TIM10_IRQHandler
    startup_stm32f407xx.o(RESET) refers to stm32f4xx_it.o(i.UART4_IRQHandler) for UART4_IRQHandler
    startup_stm32f407xx.o(.text) refers (Special) to heapauxi.o(.text) for __use_two_region_memory
    startup_stm32f407xx.o(.text) refers to system_stm32f4xx.o(i.SystemInit) for SystemInit
    startup_stm32f407xx.o(.text) refers to __main.o(!!!main) for __main
    startup_stm32f407xx.o(.text) refers to startup_stm32f407xx.o(HEAP) for Heap_Mem
    startup_stm32f407xx.o(.text) refers to startup_stm32f407xx.o(STACK) for Stack_Mem
    main.o(i.HAL_TIM_PeriodElapsedCallback) refers to stm32f4xx_hal.o(i.HAL_IncTick) for HAL_IncTick
    main.o(i.HAL_UART_RxCpltCallback) refers to stm32f4xx_hal_uart.o(i.HAL_UART_Receive_IT) for HAL_UART_Receive_IT
    main.o(i.HAL_UART_RxCpltCallback) refers to main.o(.bss) for .bss
    main.o(i.HAL_UART_RxCpltCallback) refers to main.o(.data) for .data
    main.o(i.MX_GPIO_Init) refers to rt_memclr_w.o(.text) for __aeabi_memclr4
    main.o(i.MX_GPIO_Init) refers to stm32f4xx_hal_gpio.o(i.HAL_GPIO_WritePin) for HAL_GPIO_WritePin
    main.o(i.MX_GPIO_Init) refers to stm32f4xx_hal_gpio.o(i.HAL_GPIO_Init) for HAL_GPIO_Init
    main.o(i.SystemClock_Config) refers to rt_memclr_w.o(.text) for __aeabi_memclr4
    main.o(i.SystemClock_Config) refers to stm32f4xx_hal_rcc.o(i.HAL_RCC_OscConfig) for HAL_RCC_OscConfig
    main.o(i.SystemClock_Config) refers to stm32f4xx_hal_rcc.o(i.HAL_RCC_ClockConfig) for HAL_RCC_ClockConfig
    main.o(i.main) refers to stm32f4xx_hal.o(i.HAL_Init) for HAL_Init
    main.o(i.main) refers to main.o(i.SystemClock_Config) for SystemClock_Config
    main.o(i.main) refers to main.o(i.MX_GPIO_Init) for MX_GPIO_Init
    main.o(i.main) refers to stm32f4xx_hal_uart.o(i.HAL_UART_Init) for HAL_UART_Init
    main.o(i.main) refers to stm32f4xx_hal_i2c.o(i.HAL_I2C_Init) for HAL_I2C_Init
    main.o(i.main) refers to cmsis_os2.o(i.osKernelInitialize) for osKernelInitialize
    main.o(i.main) refers to cmsis_os2.o(i.osMessageQueueNew) for osMessageQueueNew
    main.o(i.main) refers to cmsis_os2.o(i.osThreadNew) for osThreadNew
    main.o(i.main) refers to cmsis_os2.o(i.osKernelStart) for osKernelStart
    main.o(i.main) refers to main.o(.bss) for .bss
    main.o(i.main) refers to main.o(.constdata) for .constdata
    main.o(i.main) refers to main.o(.data) for .data
    main.o(i.main) refers to main.o(i.uartTaskFunc) for uartTaskFunc
    main.o(i.main) refers to main.o(i.mpuTaskFunc) for mpuTaskFunc
    main.o(i.mpuTaskFunc) refers to mpu6050.o(i.mpu_init) for mpu_init
    main.o(i.mpuTaskFunc) refers to cmsis_os2.o(i.osDelay) for osDelay
    main.o(i.mpuTaskFunc) refers to heap_4.o(i.pvPortMalloc) for pvPortMalloc
    main.o(i.mpuTaskFunc) refers to mpu6050.o(i.mpu_get_roll) for mpu_get_roll
    main.o(i.mpuTaskFunc) refers to mpu6050.o(i.mpu_get_pitch) for mpu_get_pitch
    main.o(i.mpuTaskFunc) refers to mpu6050.o(i.mpu_get_yaw) for mpu_get_yaw
    main.o(i.mpuTaskFunc) refers to cmsis_os2.o(i.osMessageQueuePut) for osMessageQueuePut
    main.o(i.mpuTaskFunc) refers to main.o(.bss) for .bss
    main.o(i.mpuTaskFunc) refers to main.o(.data) for .data
    main.o(i.string_handle) refers to _printf_percent.o(.ARM.Collect$$_printf_percent$$00000000) for _printf_percent
    main.o(i.string_handle) refers to _printf_f.o(.ARM.Collect$$_printf_percent$$00000003) for _printf_f
[...]
    xNumOfOverflows                          0x20000080   Data           4  tasks.o(.data)
    uxTaskNumber                             0x20000084   Data           4  tasks.o(.data)
    xNextTaskUnblockTime                     0x20000088   Data           4  tasks.o(.data)
    xIdleTaskHandle                          0x2000008c   Data           4  tasks.o(.data)
    uxSchedulerSuspended                     0x20000090   Data           4  tasks.o(.data)
    pxDelayedTaskList                        0x20000094   Data           4  tasks.o(.data)
    pxOverflowDelayedTaskList                0x20000098   Data           4  tasks.o(.data)
    .data                                    0x2000009c   Section       20  timers.o(.data)
    xTimerQueue                              0x2000009c   Data           4  timers.o(.data)
    xTimerTaskHandle                         0x200000a0   Data           4  timers.o(.data)
    xLastTime                                0x200000a4   Data           4  timers.o(.data)
    pxCurrentTimerList                       0x200000a8   Data           4  timers.o(.data)
    pxOverflowTimerList                      0x200000ac   Data           4  timers.o(.data)
    .data                                    0x200000b0   Section        4  cmsis_os2.o(.data)
    KernelState                              0x200000b0   Data           4  cmsis_os2.o(.data)
    .data                                    0x200000b4   Section       32  heap_4.o(.data)
    pxEnd                                    0x200000b4   Data           4  heap_4.o(.data)
    xFreeBytesRemaining                      0x200000b8   Data           4  heap_4.o(.data)
    xMinimumEverFreeBytesRemaining           0x200000bc   Data           4  heap_4.o(.data)
    xNumberOfSuccessfulAllocations           0x200000c0   Data           4  heap_4.o(.data)
    xNumberOfSuccessfulFrees                 0x200000c4   Data           4  heap_4.o(.data)
    xBlockAllocatedBit                       0x200000c8   Data           4  heap_4.o(.data)
    xStart                                   0x200000cc   Data           8  heap_4.o(.data)
    .data                                    0x200000d4   Section       12  port.o(.data)
    ucMaxSysCallPriority                     0x200000d4   Data           1  port.o(.data)
    uxCriticalNesting                        0x200000d8   Data           4  port.o(.data)
    ulMaxPRIGROUPValue                       0x200000dc   Data           4  port.o(.data)
    .bss                                     0x200000e0   Section      188  main.o(.bss)
    .bss                                     0x2000019c   Section       72  stm32f4xx_hal_timebase_tim.o(.bss)
    .bss                                     0x200001e4   Section       64  queue.o(.bss)
    .bss                                     0x20000224   Section     1220  tasks.o(.bss)
    pxReadyTasksLists                        0x20000224   Data        1120  tasks.o(.bss)
    xDelayedTaskList1                        0x20000684   Data          20  tasks.o(.bss)
    xDelayedTaskList2                        0x20000698   Data          20  tasks.o(.bss)
    xPendingReadyList                        0x200006ac   Data          20  tasks.o(.bss)
    xTasksWaitingTermination                 0x200006c0   Data          20  tasks.o(.bss)
    xSuspendedTaskList                       0x200006d4   Data          20  tasks.o(.bss)
    .bss                                     0x200006e8   Section      280  timers.o(.bss)
    xStaticTimerQueue                        0x200006e8   Data          80  timers.o(.bss)
    ucStaticTimerQueueStorage                0x20000738   Data         160  timers.o(.bss)
    xActiveTimerList1                        0x200007d8   Data          20  timers.o(.bss)
    xActiveTimerList2                        0x200007ec   Data          20  timers.o(.bss)
    .bss                                     0x20000800   Section     1720  cmsis_os2.o(.bss)
    Idle_TCB                                 0x20000800   Data          92  cmsis_os2.o(.bss)
    Idle_Stack                               0x2000085c   Data         512  cmsis_os2.o(.bss)
    Timer_TCB                                0x20000a5c   Data          92  cmsis_os2.o(.bss)
    Timer_Stack                              0x20000ab8   Data        1024  cmsis_os2.o(.bss)
    .bss                                     0x20000eb8   Section    15360  heap_4.o(.bss)
    ucHeap                                   0x20000eb8   Data       15360  heap_4.o(.bss)
    .bss                                     0x20004ab8   Section       96  libspace.o(.bss)
    HEAP                                     0x20004b18   Section      512  startup_stm32f407xx.o(HEAP)
    Heap_Mem                                 0x20004b18   Data         512  startup_stm32f407xx.o(HEAP)
    STACK                                    0x20004d18   Section     1024  startup_stm32f407xx.o(STACK)
    Stack_Mem                                0x20004d18   Data        1024  startup_stm32f407xx.o(STACK)
    __initial_sp                             0x20005118   Data           0  startup_stm32f407xx.o(STACK)

    Global Symbols

    Symbol Name                              Value     Ov Type        Size  Object(Section)

    BuildAttributes$$THM_ISAv4$E$P$D$K$B$S$7EM$VFPi3$EXTD16$VFPS$VFMA$PE$A:L22UL41UL21$X:L11$S22US41US21$IEEE1$IW$USESV6$~STKCKD$USESV7$~SHL$OTIME$ROPI$IEEEX$EBA8$UX$STANDARDLIB$REQ8$PRES8$EABIv2 0x00000000   Number         0  anon$$obj.o ABSOLUTE
    __ARM_use_no_argv                        0x00000000   Number         0  main.o ABSOLUTE
    _printf_flags                            0x00000000   Number         0  printf_stubs.o ABSOLUTE
    _printf_return_value                     0x00000000   Number         0  printf_stubs.o ABSOLUTE
    _printf_sizespec                         0x00000000   Number         0  printf_stubs.o ABSOLUTE
    _printf_widthprec                        0x00000000   Number         0  printf_stubs.o ABSOLUTE
    __ARM_exceptions_init                     - Undefined Weak Reference
    __alloca_initialize                       - Undefined Weak Reference
    __arm_preinit_                            - Undefined Weak Reference
    __cpp_initialize__aeabi_                  - Undefined Weak Reference
    __cxa_finalize                            - Undefined Weak Reference
    __sigvec_lookup                           - Undefined Weak Reference
    _atexit_init                              - Undefined Weak Reference
    _call_atexit_fns                          - Undefined Weak Reference
    _clock_init                               - Undefined Weak Reference
    _fp_trap_init                             - Undefined Weak Reference
    _fp_trap_shutdown                         - Undefined Weak Reference
    _get_lc_collate                           - Undefined Weak Reference
    _get_lc_ctype                             - Undefined Weak Reference
    _get_lc_monetary                          - Undefined Weak Reference
    _get_lc_time                              - Undefined Weak Reference
    _getenv_init                              - Undefined Weak Reference
    _handle_redirection                       - Undefined Weak Reference
    _init_alloc                               - Undefined Weak Reference
    _init_user_alloc                          - Undefined Weak Reference
    _initio                                   - Undefined Weak Reference
    _printf_post_padding                      - Undefined Weak Reference
    _printf_pre_padding                       - Undefined Weak Reference
    _rand_init                                - Undefined Weak Reference
    _signal_finish                            - Undefined Weak Reference
    _signal_init                              - Undefined Weak Reference
    _terminate_alloc                          - Undefined Weak Reference
    _terminate_user_alloc                     - Undefined Weak Reference
    _terminateio                              - Undefined Weak Reference
    __Vectors_Size                           0x00000188   Number         0  startup_stm32f407xx.o ABSOLUTE
    __Vectors                                0x08000000   Data           4  startup_stm32f407xx.o(RESET)
    __Vectors_End                            0x08000188   Data           0  startup_stm32f407xx.o(RESET)
    __main                                   0x08000189   Thumb Code     8  __main.o(!!!main)
    __scatterload                            0x08000191   Thumb Code     0  __scatter.o(!!!scatter)
    __scatterload_rt2                        0x08000191   Thumb Code    44  __scatter.o(!!!scatter)
    __scatterload_rt2_thumb_only             0x08000191   Thumb Code     0  __scatter.o(!!!scatter)
    __scatterload_null                       0x0800019f   Thumb Code     0  __scatter.o(!!!scatter)
    __scatterload_copy                       0x080001c5   Thumb Code    26  __scatter_copy.o(!!handler_copy)
    __scatterload_zeroinit                   0x080001e1   Thumb Code    28  __scatter_zi.o(!!handler_zi)
    _printf_f                                0x080001fd   Thumb Code     0  _printf_f.o(.ARM.Collect$$_printf_percent$$00000003)
    _printf_percent                          0x080001fd   Thumb Code     0  _printf_percent.o(.ARM.Collect$$_printf_percent$$00000000)
    _printf_percent_end                      0x08000203   Thumb Code     0  _printf_percent_end.o(.ARM.Collect$$_printf_percent$$00000017)
    __rt_lib_init                            0x08000207   Thumb Code     0  libinit.o(.ARM.Collect$$libinit$$00000000)
    __rt_lib_init_fp_1                       0x08000209   Thumb Code     0  libinit2.o(.ARM.Collect$$libinit$$00000001)
    __rt_lib_init_heap_1                     0x0800020d   Thumb Code     0  libinit2.o(.ARM.Collect$$libinit$$0000000A)
    __rt_lib_init_lc_common                  0x0800020d   Thumb Code     0  libinit2.o(.ARM.Collect$$libinit$$0000000F)
    __rt_lib_init_preinit_1                  0x0800020d   Thumb Code     0  libinit2.o(.ARM.Collect$$libinit$$00000004)
    __rt_lib_init_rand_1                     0x0800020d   Thumb Code     0  libinit2.o(.ARM.Collect$$libinit$$0000000E)
    __rt_lib_init_user_alloc_1               0x0800020d   Thumb Code     0  libinit2.o(.ARM.Collect$$libinit$$0000000C)
    __rt_lib_init_lc_collate_1               0x08000213   Thumb Code     0  libinit2.o(.ARM.Collect$$libinit$$00000011)
    __rt_lib_init_lc_ctype_1                 0x08000213   Thumb Code     0  libinit2.o(.ARM.Collect$$libinit$$00000013)
    __rt_lib_init_lc_monetary_1              0x08000213   Thumb Code     0  libinit2.o(.ARM.Collect$$libinit$$00000015)
    __rt_lib_init_lc_numeric_2               0x08000213   Thumb Code     0  libinit2.o(.ARM.Collect$$libinit$$00000016)
    __rt_lib_init_alloca_1                   0x0800021d   Thumb Code     0  libinit2.o(.ARM.Collect$$libinit$$0000002E)
    __rt_lib_init_argv_1                     0x0800021d   Thumb Code     0  libinit2.o(.ARM.Collect$$libinit$$0000002C)
    __rt_lib_init_atexit_1                   0x0800021d   Thumb Code     0  libinit2.o(.ARM.Collect$$libinit$$0000001B)
    __rt_lib_init_clock_1                    0x0800021d   Thumb Code     0  libinit2.o(.ARM.Collect$$libinit$$00000021)
    __rt_lib_init_cpp_1                      0x0800021d   Thumb Code     0  libinit2.o(.ARM.Collect$$libinit$$00000032)
    __rt_lib_init_exceptions_1               0x0800021d   Thumb Code     0  libinit2.o(.ARM.Collect$$libinit$$00000030)
    __rt_lib_init_fp_trap_1                  0x0800021d   Thumb Code     0  libinit2.o(.ARM.Collect$$libinit$$0000001F)
    __rt_lib_init_getenv_1                   0x0800021d   Thumb Code     0  libinit2.o(.ARM.Collect$$libinit$$00000023)
    __rt_lib_init_lc_numeric_1               0x0800021d   Thumb Code     0  libinit2.o(.ARM.Collect$$libinit$$00000017)
    __rt_lib_init_lc_time_1                  0x0800021d   Thumb Code     0  libinit2.o(.ARM.Collect$$libinit$$00000019)
    __rt_lib_init_return                     0x0800021d   Thumb Code     0  libinit2.o(.ARM.Collect$$libinit$$00000033)
    __rt_lib_init_signal_1                   0x0800021d   Thumb Code     0  libinit2.o(.ARM.Collect$$libinit$$0000001D)
    __rt_lib_init_stdio_1                    0x0800021d   Thumb Code     0  libinit2.o(.ARM.Collect$$libinit$$00000025)
    __rt_lib_shutdown                        0x0800021f   Thumb Code     0  libshutdown.o(.ARM.Collect$$libshutdown$$00000000)
    __rt_lib_shutdown_cpp_1                  0x08000221   Thumb Code     0  libshutdown2.o(.ARM.Collect$$libshutdown$$00000002)
    __rt_lib_shutdown_fp_trap_1              0x08000221   Thumb Code     0  libshutdown2.o(.ARM.Collect$$libshutdown$$00000007)
    __rt_lib_shutdown_heap_1                 0x08000221   Thumb Code     0  libshutdown2.o(.ARM.Collect$$libshutdown$$0000000F)
    __rt_lib_shutdown_return                 0x08000221   Thumb Code     0  libshutdown2.o(.ARM.Collect$$libshutdown$$00000010)
    __rt_lib_shutdown_signal_1               0x08000221   Thumb Code     0  libshutdown2.o(.ARM.Collect$$libshutdown$$0000000A)
    __rt_lib_shutdown_stdio_1                0x08000221   Thumb Code     0  libshutdown2.o(.ARM.Collect$$libshutdown$$00000004)
    __rt_lib_shutdown_user_alloc_1           0x08000221   Thumb Code     0  libshutdown2.o(.ARM.Collect$$libshutdown$$0000000C)
    __rt_entry                               0x08000223   Thumb Code     0  __rtentry.o(.ARM.Collect$$rtentry$$00000000)
    __rt_entry_presh_1                       0x08000223   Thumb Code     0  __rtentry2.o(.ARM.Collect$$rtentry$$00000002)
    __rt_entry_sh                            0x08000223   Thumb Code     0  __rtentry4.o(.ARM.Collect$$rtentry$$00000004)
    __rt_entry_li                            0x08000229   Thumb Code     0  __rtentry2.o(.ARM.Collect$$rtentry$$0000000A)
    __rt_entry_postsh_1                      0x08000229   Thumb Code     0  __rtentry2.o(.ARM.Collect$$rtentry$$00000009)
    __rt_entry_main                          0x0800022d   Thumb Code     0  __rtentry2.o(.ARM.Collect$$rtentry$$0000000D)
    __rt_entry_postli_1                      0x0800022d   Thumb Code     0  __rtentry2.o(.ARM.Collect$$rtentry$$0000000C)
    __rt_exit                                0x08000235   Thumb Code     0  rtexit.o(.ARM.Collect$$rtexit$$00000000)
    __rt_exit_ls                             0x08000237   Thumb Code     0  rtexit2.o(.ARM.Collect$$rtexit$$00000003)
    __rt_exit_prels_1                        0x08000237   Thumb Code     0  rtexit2.o(.ARM.Collect$$rtexit$$00000002)
    __rt_exit_exit                           0x0800023b   Thumb Code     0  rtexit2.o(.ARM.Collect$$rtexit$$00000004)
    SVC_Handler                              0x08000241   Thumb Code    28  port.o(.emb_text)
    __asm___6_port_c_39a90d8d__prvStartFirstTask 0x08000261   Thumb Code    36  port.o(.emb_text)
    __asm___6_port_c_39a90d8d__prvEnableVFP  0x08000289   Thumb Code    16  port.o(.emb_text)
    PendSV_Handler                           0x0800029d   Thumb Code    88  port.o(.emb_text)
    vPortGetIPSR                             0x080002f9   Thumb Code     6  port.o(.emb_text)
    Reset_Handler                            0x08000301   Thumb Code     8  startup_stm32f407xx.o(.text)
    ADC_IRQHandler                           0x0800031b   Thumb Code     0  startup_stm32f407xx.o(.text)
    CAN1_RX0_IRQHandler                      0x0800031b   Thumb Code     0  startup_stm32f407xx.o(.text)
    CAN1_RX1_IRQHandler                      0x0800031b   Thumb Code     0  startup_stm32f407xx.o(.text)
    CAN1_SCE_IRQHandler                      0x0800031b   Thumb Code     0  startup_stm32f407xx.o(.text)
    CAN1_TX_IRQHandler                       0x0800031b   Thumb Code     0  startup_stm32f407xx.o(.text)
    CAN2_RX0_IRQHandler                      0x0800031b   Thumb Code     0  startup_stm32f407xx.o(.text)
    CAN2_RX1_IRQHandler                      0x0800031b   Thumb Code     0  startup_stm32f407xx.o(.text)
    CAN2_SCE_IRQHandler                      0x0800031b   Thumb Code     0  startup_stm32f407xx.o(.text)
    CAN2_TX_IRQHandler                       0x0800031b   Thumb Code     0  startup_stm32f407xx.o(.text)
    DCMI_IRQHandler                          0x0800031b   Thumb Code     0  startup_stm32f407xx.o(.text)
    DMA1_Stream0_IRQHandler                  0x0800031b   Thumb Code     0  startup_stm32f407xx.o(.text)
    DMA1_Stream1_IRQHandler                  0x0800031b   Thumb Code     0  startup_stm32f407xx.o(.text)
    DMA1_Stream2_IRQHandler                  0x0800031b   Thumb Code     0  startup_stm32f407xx.o(.text)
    DMA1_Stream3_IRQHandler                  0x0800031b   Thumb Code     0  startup_stm32f407xx.o(.text)
    DMA1_Stream4_IRQHandler                  0x0800031b   Thumb Code     0  startup_stm32f407xx.o(.text)
    DMA1_Stream5_IRQHandler                  0x0800031b   Thumb Code     0  startup_stm32f407xx.o(.text)
    DMA1_Stream6_IRQHandler                  0x0800031b   Thumb Code     0  startup_stm32f407xx.o(.text)
    DMA1_Stream7_IRQHandler                  0x0800031b   Thumb Code     0  startup_stm32f407xx.o(.text)
    DMA2_Stream0_IRQHandler                  0x0800031b   Thumb Code     0  startup_stm32f407xx.o(.text)
    DMA2_Stream1_IRQHandler                  0x0800031b   Thumb Code     0  startup_stm32f407xx.o(.text)
    DMA2_Stream2_IRQHandler                  0x0800031b   Thumb Code     0  startup_stm32f407xx.o(.text)
    DMA2_Stream3_IRQHandler                  0x0800031b   Thumb Code     0  startup_stm32f407xx.o(.text)
    DMA2_Stream4_IRQHandler                  0x0800031b   Thumb Code     0  startup_stm32f407xx.o(.text)
    DMA2_Stream5_IRQHandler                  0x0800031b   Thumb Code     0  startup_stm32f407xx.o(.text)
    DMA2_Stream6_IRQHandler                  0x0800031b   Thumb Code     0  startup_stm32f407xx.o(.text)
    DMA2_Stream7_IRQHandler                  0x0800031b   Thumb Code     0  startup_stm32f407xx.o(.text)
    ETH_IRQHandler                           0x0800031b   Thumb Code     0  startup_stm32f407xx.o(.text)
    ETH_WKUP_IRQHandler                      0x0800031b   Thumb Code     0  startup_stm32f407xx.o(.text)
    EXTI15_10_IRQHandler                     0x0800031b   Thumb Code     0  startup_stm32f407xx.o(.text)
    EXTI1_IRQHandler                         0x0800031b   Thumb Code     0  startup_stm32f407xx.o(.text)
    EXTI2_IRQHandler                         0x0800031b   Thumb Code     0  startup_stm32f407xx.o(.text)
    EXTI3_IRQHandler                         0x0800031b   Thumb Code     0  startup_stm32f407xx.o(.text)
    EXTI4_IRQHandler                         0x0800031b   Thumb Code     0  startup_stm32f407xx.o(.text)
    EXTI9_5_IRQHandler                       0x0800031b   Thumb Code     0  startup_stm32f407xx.o(.text)
    FLASH_IRQHandler                         0x0800031b   Thumb Code     0  startup_stm32f407xx.o(.text)
    FMC_IRQHandler                           0x0800031b   Thumb Code     0  startup_stm32f407xx.o(.text)
    FPU_IRQHandler                           0x0800031b   Thumb Code     0  startup_stm32f407xx.o(.text)
    HASH_RNG_IRQHandler                      0x0800031b   Thumb Code     0  startup_stm32f407xx.o(.text)
    I2C1_ER_IRQHandler                       0x0800031b   Thumb Code     0  startup_stm32f407xx.o(.text)
    I2C1_EV_IRQHandler                       0x0800031b   Thumb Code     0  startup_stm32f407xx.o(.text)
    I2C2_ER_IRQHandler                       0x0800031b   Thumb Code     0  startup_stm32f407xx.o(.text)
    I2C2_EV_IRQHandler                       0x0800031b   Thumb Code     0  startup_stm32f407xx.o(.text)
    I2C3_ER_IRQHandler                       0x0800031b   Thumb Code     0  startup_stm32f407xx.o(.text)
    I2C3_EV_IRQHandler                       0x0800031b   Thumb Code     0  startup_stm32f407xx.o(.text)
    OTG_FS_IRQHandler                        0x0800031b   Thumb Code     0  startup_stm32f407xx.o(.text)
    OTG_FS_WKUP_IRQHandler                   0x0800031b   Thumb Code     0  startup_stm32f407xx.o(.text)
    OTG_HS_EP1_IN_IRQHandler                 0x0800031b   Thumb Code     0  startup_stm32f407xx.o(.text)
    OTG_HS_EP1_OUT_IRQHandler                0x0800031b   Thumb Code     0  startup_stm32f407xx.o(.text)
    OTG_HS_IRQHandler                        0x0800031b   Thumb Code     0  startup_stm32f407xx.o(.text)
    OTG_HS_WKUP_IRQHandler                   0x0800031b   Thumb Code     0  startup_stm32f407xx.o(.text)
    PVD_IRQHandler                           0x0800031b   Thumb Code     0  startup_stm32f407xx.o(.text)
    RCC_IRQHandler                           0x0800031b   Thumb Code     0  startup_stm32f407xx.o(.text)
    RTC_Alarm_IRQHandler                     0x0800031b   Thumb Code     0  startup_stm32f407xx.o(.text)
    RTC_WKUP_IRQHandler                      0x0800031b   Thumb Code     0  startup_stm32f407xx.o(.text)
    SDIO_IRQHandler                          0x0800031b   Thumb Code     0  startup_stm32f407xx.o(.text)
    SPI1_IRQHandler                          0x0800031b   Thumb Code     0  startup_stm32f407xx.o(.text)
    SPI2_IRQHandler                          0x0800031b   Thumb Code     0  startup_stm32f407xx.o(.text)
    SPI3_IRQHandler                          0x0800031b   Thumb Code     0  startup_stm32f407xx.o(.text)
    TAMP_STAMP_IRQHandler                    0x0800031b   Thumb Code     0  startup_stm32f407xx.o(.text)
    TIM1_BRK_TIM9_IRQHandler                 0x0800031b   Thumb Code     0  startup_stm32f407xx.o(.text)
    TIM1_CC_IRQHandler                       0x0800031b   Thumb Code     0  startup_stm32f407xx.o(.text)
    TIM1_TRG_COM_TIM11_IRQHandler            0x0800031b   Thumb Code     0  startup_stm32f407xx.o(.text)
    TIM2_IRQHandler                          0x0800031b   Thumb Code     0  startup_stm32f407xx.o(.text)
    TIM3_IRQHandler                          0x0800031b   Thumb Code     0  startup_stm32f407xx.o(.text)
    TIM4_IRQHandler                          0x0800031b   Thumb Code     0  startup_stm32f407xx.o(.text)
    TIM5_IRQHandler                          0x0800031b   Thumb Code     0  startup_stm32f407xx.o(.text)
    TIM6_DAC_IRQHandler                      0x0800031b   Thumb Code     0  startup_stm32f407xx.o(.text)
    TIM7_IRQHandler                          0x0800031b   Thumb Code     0  startup_stm32f407xx.o(.text)
    TIM8_BRK_TIM12_IRQHandler                0x0800031b   Thumb Code     0  startup_stm32f407xx.o(.text)
    TIM8_CC_IRQHandler                       0x0800031b   Thumb Code     0  startup_stm32f407xx.o(.text)
    TIM8_TRG_COM_TIM14_IRQHandler            0x0800031b   Thumb Code     0  startup_stm32f407xx.o(.text)
    TIM8_UP_TIM13_IRQHandler                 0x0800031b   Thumb Code     0  startup_stm32f407xx.o(.text)
    UART5_IRQHandler                         0x0800031b   Thumb Code     0  startup_stm32f407xx.o(.text)
    USART1_IRQHandler                        0x0800031b   Thumb Code     0  startup_stm32f407xx.o(.text)
    USART2_IRQHandler                        0x0800031b   Thumb Code     0  startup_stm32f407xx.o(.text)
    USART3_IRQHandler                        0x0800031b   Thumb Code     0  startup_stm32f407xx.o(.text)
    USART6_IRQHandler                        0x0800031b   Thumb Code     0  startup_stm32f407xx.o(.text)
    WWDG_IRQHandler                          0x0800031b   Thumb Code     0  startup_stm32f407xx.o(.text)
    __user_initial_stackheap                 0x0800031d   Thumb Code     0  startup_stm32f407xx.o(.text)
    __aeabi_uldivmod                         0x08000341   Thumb Code     0  lludivv7m.o(.text)
    _ll_udiv                                 0x08000341   Thumb Code   238  lludivv7m.o(.text)
    __2snprintf                              0x08000431   Thumb Code    48  noretval__2snprintf.o(.text)
    __printf                                 0x08000465   Thumb Code   270  __printf_wp.o(.text)
    strlen                                   0x08000573   Thumb Code    62  strlen.o(.text)
    __aeabi_memcpy                           0x080005b1   Thumb Code     0  rt_memcpy_v6.o(.text)
    __rt_memcpy                              0x080005b1   Thumb Code   138  rt_memcpy_v6.o(.text)
    _memcpy_lastbytes                        0x08000617   Thumb Code     0  rt_memcpy_v6.o(.text)
    __aeabi_memset                           0x0800063b   Thumb Code    16  aeabi_memset.o(.text)
    __aeabi_memclr4                          0x0800064b   Thumb Code     0  rt_memclr_w.o(.text)
    __aeabi_memclr8                          0x0800064b   Thumb Code     0  rt_memclr_w.o(.text)
    __rt_memclr_w                            0x0800064b   Thumb Code    78  rt_memclr_w.o(.text)
    _memset_w                                0x0800064f   Thumb Code     0  rt_memclr_w.o(.text)
    strcmp                                   0x08000699   Thumb Code   128  strcmpv7m.o(.text)
    __use_two_region_memory                  0x08000719   Thumb Code     2  heapauxi.o(.text)
    __rt_heap_escrow$2region                 0x0800071b   Thumb Code     2  heapauxi.o(.text)
    __rt_heap_expand$2region                 0x0800071d   Thumb Code     2  heapauxi.o(.text)
    __lib_sel_fp_printf                      0x0800071f   Thumb Code     2  _printf_fp_dec.o(.text)
    _printf_fp_dec_real                      0x080008d1   Thumb Code   620  _printf_fp_dec.o(.text)
    _printf_char_common                      0x08000b47   Thumb Code    32  _printf_char_common.o(.text)
    _sputc                                   0x08000b6d   Thumb Code    10  _sputc.o(.text)
    _snputc                                  0x08000b77   Thumb Code    16  _snputc.o(.text)
    __aeabi_memcpy4                          0x08000b87   Thumb Code     0  rt_memcpy_w.o(.text)
    __aeabi_memcpy8                          0x08000b87   Thumb Code     0  rt_memcpy_w.o(.text)
    __rt_memcpy_w                            0x08000b87   Thumb Code   100  rt_memcpy_w.o(.text)
    _memcpy_lastbytes_aligned                0x08000bcf   Thumb Code     0  rt_memcpy_w.o(.text)
    __aeabi_memclr                           0x08000beb   Thumb Code     0  rt_memclr.o(.text)
    __rt_memclr                              0x08000beb   Thumb Code    68  rt_memclr.o(.text)
    _memset                                  0x08000bef   Thumb Code     0  rt_memclr.o(.text)
    __rt_locale                              0x08000c31   Thumb Code     8  rt_locale_intlibspace.o(.text)
    _ll_udiv10                               0x08000c39   Thumb Code   138  lludiv10.o(.text)
    _printf_fp_infnan                        0x08000cc5   Thumb Code   112  _printf_fp_infnan.o(.text)
    _btod_etento                             0x08000d45   Thumb Code   224  bigflt0.o(.text)
    __user_libspace                          0x08000e29   Thumb Code     8  libspace.o(.text)
    __user_perproc_libspace                  0x08000e29   Thumb Code     0  libspace.o(.text)
    __user_perthread_libspace                0x08000e29   Thumb Code     0  libspace.o(.text)
    __user_setup_stackheap                   0x08000e31   Thumb Code    74  sys_stackheap_outer.o(.text)
    exit                                     0x08000e7b   Thumb Code    18  exit.o(.text)
    _sys_exit                                0x08000e8d   Thumb Code     8  sys_exit.o(.text)
    __I$use$semihosting                      0x08000e99   Thumb Code     0  use_no_semi.o(.text)
    __use_no_semihosting_swi                 0x08000e99   Thumb Code     2  use_no_semi.o(.text)
    __semihosting_library_function           0x08000e9b   Thumb Code     0  indicate_semi.o(.text)
    _btod_d2e                                0x08000e9b   Thumb Code    62  btod.o(CL$$btod_d2e)
    _d2e_denorm_low                          0x08000ed9   Thumb Code    70  btod.o(CL$$btod_d2e_denorm_low)
    _d2e_norm_op1                            0x08000f1f   Thumb Code    96  btod.o(CL$$btod_d2e_norm_op1)
    __btod_div_common                        0x08000f7f   Thumb Code   696  btod.o(CL$$btod_div_common)
    _e2e                                     0x080012b7   Thumb Code   220  btod.o(CL$$btod_e2e)
    _btod_ediv                               0x08001393   Thumb Code    42  btod.o(CL$$btod_ediv)
    _btod_emul                               0x080013bd   Thumb Code    42  btod.o(CL$$btod_emul)
    __btod_mult_common                       0x080013e7   Thumb Code   580  btod.o(CL$$btod_mult_common)
    BusFault_Handler                         0x0800162b   Thumb Code     2  stm32f4xx_it.o(i.BusFault_Handler)
    DebugMon_Handler                         0x0800162d   Thumb Code     2  stm32f4xx_it.o(i.DebugMon_Handler)
    EXTI0_IRQHandler                         0x08001631   Thumb Code    16  exti.o(i.EXTI0_IRQHandler)
    HAL_DMA_Abort                            0x08001645   Thumb Code   146  stm32f4xx_hal_dma.o(i.HAL_DMA_Abort)
    HAL_DMA_Abort_IT                         0x080016d7   Thumb Code    36  stm32f4xx_hal_dma.o(i.HAL_DMA_Abort_IT)
    HAL_Delay                                0x080016fd   Thumb Code    32  stm32f4xx_hal.o(i.HAL_Delay)
    HAL_GPIO_Init                            0x08001721   Thumb Code   450  stm32f4xx_hal_gpio.o(i.HAL_GPIO_Init)
    HAL_GPIO_TogglePin                       0x08001911   Thumb Code    16  stm32f4xx_hal_gpio.o(i.HAL_GPIO_TogglePin)
    HAL_GPIO_WritePin                        0x08001921   Thumb Code    10  stm32f4xx_hal_gpio.o(i.HAL_GPIO_WritePin)
    HAL_GetTick                              0x0800192d   Thumb Code     6  stm32f4xx_hal.o(i.HAL_GetTick)
    HAL_I2C_Init                             0x08001939   Thumb Code   376  stm32f4xx_hal_i2c.o(i.HAL_I2C_Init)
    HAL_I2C_IsDeviceReady                    0x08001ac1   Thumb Code   354  stm32f4xx_hal_i2c.o(i.HAL_I2C_IsDeviceReady)
    HAL_I2C_Mem_Read                         0x08001c2d   Thumb Code   502  stm32f4xx_hal_i2c.o(i.HAL_I2C_Mem_Read)
    HAL_I2C_Mem_Write                        0x08001e31   Thumb Code   294  stm32f4xx_hal_i2c.o(i.HAL_I2C_Mem_Write)
    HAL_I2C_MspInit                          0x08001f61   Thumb Code    92  stm32f4xx_hal_msp.o(i.HAL_I2C_MspInit)
    HAL_IncTick                              0x08001fc9   Thumb Code    12  stm32f4xx_hal.o(i.HAL_IncTick)
    HAL_Init                                 0x08001fd9   Thumb Code    48  stm32f4xx_hal.o(i.HAL_Init)
    HAL_InitTick                             0x0800200d   Thumb Code   118  stm32f4xx_hal_timebase_tim.o(i.HAL_InitTick)
    HAL_MspInit                              0x08002099   Thumb Code    52  stm32f4xx_hal_msp.o(i.HAL_MspInit)
    HAL_NVIC_EnableIRQ                       0x080020d1   Thumb Code    26  stm32f4xx_hal_cortex.o(i.HAL_NVIC_EnableIRQ)
    HAL_NVIC_SetPriority                     0x080020ed   Thumb Code    60  stm32f4xx_hal_cortex.o(i.HAL_NVIC_SetPriority)
    HAL_NVIC_SetPriorityGrouping             0x0800212d   Thumb Code    26  stm32f4xx_hal_cortex.o(i.HAL_NVIC_SetPriorityGrouping)
    HAL_RCC_ClockConfig                      0x08002151   Thumb Code   288  stm32f4xx_hal_rcc.o(i.HAL_RCC_ClockConfig)
    HAL_RCC_GetClockConfig                   0x08002285   Thumb Code    54  stm32f4xx_hal_rcc.o(i.HAL_RCC_GetClockConfig)
    HAL_RCC_GetPCLK1Freq                     0x080022c5   Thumb Code    20  stm32f4xx_hal_rcc.o(i.HAL_RCC_GetPCLK1Freq)
    HAL_RCC_GetPCLK2Freq                     0x080022e5   Thumb Code    20  stm32f4xx_hal_rcc.o(i.HAL_RCC_GetPCLK2Freq)
    HAL_RCC_GetSysClockFreq                  0x08002305   Thumb Code    88  stm32f4xx_hal_rcc.o(i.HAL_RCC_GetSysClockFreq)
    HAL_RCC_OscConfig                        0x08002365   Thumb Code   856  stm32f4xx_hal_rcc.o(i.HAL_RCC_OscConfig)
    HAL_TIMEx_BreakCallback                  0x080026d1   Thumb Code     2  stm32f4xx_hal_tim_ex.o(i.HAL_TIMEx_BreakCallback)
    HAL_TIMEx_CommutCallback                 0x080026d3   Thumb Code     2  stm32f4xx_hal_tim_ex.o(i.HAL_TIMEx_CommutCallback)
    HAL_TIM_Base_Init                        0x080026d5   Thumb Code    90  stm32f4xx_hal_tim.o(i.HAL_TIM_Base_Init)
    HAL_TIM_Base_MspInit                     0x0800272f   Thumb Code     2  stm32f4xx_hal_tim.o(i.HAL_TIM_Base_MspInit)
    HAL_TIM_Base_Start_IT                    0x08002731   Thumb Code   100  stm32f4xx_hal_tim.o(i.HAL_TIM_Base_Start_IT)
    HAL_TIM_IC_CaptureCallback               0x080027b1   Thumb Code     2  stm32f4xx_hal_tim.o(i.HAL_TIM_IC_CaptureCallback)
    HAL_TIM_IRQHandler                       0x080027b3   Thumb Code   304  stm32f4xx_hal_tim.o(i.HAL_TIM_IRQHandler)
    HAL_TIM_OC_DelayElapsedCallback          0x080028e3   Thumb Code     2  stm32f4xx_hal_tim.o(i.HAL_TIM_OC_DelayElapsedCallback)
    HAL_TIM_PWM_PulseFinishedCallback        0x080028e5   Thumb Code     2  stm32f4xx_hal_tim.o(i.HAL_TIM_PWM_PulseFinishedCallback)
    HAL_TIM_PeriodElapsedCallback            0x080028e9   Thumb Code    14  main.o(i.HAL_TIM_PeriodElapsedCallback)
    HAL_TIM_TriggerCallback                  0x080028fd   Thumb Code     2  stm32f4xx_hal_tim.o(i.HAL_TIM_TriggerCallback)
    HAL_UARTEx_RxEventCallback               0x080028ff   Thumb Code     2  stm32f4xx_hal_uart.o(i.HAL_UARTEx_RxEventCallback)
    HAL_UART_ErrorCallback                   0x08002901   Thumb Code     2  stm32f4xx_hal_uart.o(i.HAL_UART_ErrorCallback)
    HAL_UART_IRQHandler                      0x08002905   Thumb Code   618  stm32f4xx_hal_uart.o(i.HAL_UART_IRQHandler)
    HAL_UART_Init                            0x08002b75   Thumb Code   100  stm32f4xx_hal_uart.o(i.HAL_UART_Init)
    HAL_UART_MspInit                         0x08002bd9   Thumb Code   106  stm32f4xx_hal_msp.o(i.HAL_UART_MspInit)
    HAL_UART_Receive_IT                      0x08002c51   Thumb Code    28  stm32f4xx_hal_uart.o(i.HAL_UART_Receive_IT)
    HAL_UART_RxCpltCallback                  0x08002c6d   Thumb Code    48  main.o(i.HAL_UART_RxCpltCallback)
    HAL_UART_Transmit                        0x08002ca5   Thumb Code   160  stm32f4xx_hal_uart.o(i.HAL_UART_Transmit)
    HAL_UART_TxCpltCallback                  0x08002d45   Thumb Code     2  stm32f4xx_hal_uart.o(i.HAL_UART_TxCpltCallback)
    HardFault_Handler                        0x08002d47   Thumb Code     2  stm32f4xx_it.o(i.HardFault_Handler)
    MemManage_Handler                        0x08003235   Thumb Code     2  stm32f4xx_it.o(i.MemManage_Handler)
    NMI_Handler                              0x08003237   Thumb Code     2  stm32f4xx_it.o(i.NMI_Handler)
    SysTick_Handler                          0x08003239   Thumb Code    26  cmsis_os2.o(i.SysTick_Handler)
    SystemClock_Config                       0x08003255   Thumb Code   136  main.o(i.SystemClock_Config)
    SystemInit                               0x080032e5   Thumb Code    12  system_stm32f4xx.o(i.SystemInit)
    TIM1_UP_TIM10_IRQHandler                 0x080032f5   Thumb Code     6  stm32f4xx_it.o(i.TIM1_UP_TIM10_IRQHandler)
    TIM_Base_SetConfig                       0x08003301   Thumb Code   170  stm32f4xx_hal_tim.o(i.TIM_Base_SetConfig)
    UART4_IRQHandler                         0x080033d9   Thumb Code     6  stm32f4xx_it.o(i.UART4_IRQHandler)
    UART_Start_Receive_IT                    0x08003611   Thumb Code    54  stm32f4xx_hal_uart.o(i.UART_Start_Receive_IT)
    UsageFault_Handler                       0x080036b9   Thumb Code     2  stm32f4xx_it.o(i.UsageFault_Handler)
    __ARM_fpclassify                         0x080036bb   Thumb Code    48  fpclassify.o(i.__ARM_fpclassify)
    __hardfp_atan                            0x08003711   Thumb Code   622  atan.o(i.__hardfp_atan)
    __kernel_poly                            0x080039e9   Thumb Code   248  poly.o(i.__kernel_poly)
    __mathlib_dbl_infnan                     0x08003ae1   Thumb Code    20  dunder.o(i.__mathlib_dbl_infnan)
    __mathlib_dbl_underflow                  0x08003af9   Thumb Code    24  dunder.o(i.__mathlib_dbl_underflow)
    _is_digit                                0x08003b19   Thumb Code    14  __printf_wp.o(i._is_digit)
    bit_set                                  0x08003b27   Thumb Code    18  register_helpers.o(i.bit_set)
    exti_callback                            0x08003b39   Thumb Code     2  exti.o(i.exti_callback)
    fabs                                     0x08003b3b   Thumb Code    24  fabs.o(i.fabs)
    main                                     0x08003b55   Thumb Code   142  main.o(i.main)
    mpuTaskFunc                              0x08003c05   Thumb Code    82  main.o(i.mpuTaskFunc)
    mpu_get_pitch                            0x08003c61   Thumb Code    66  mpu6050.o(i.mpu_get_pitch)
    mpu_get_roll                             0x08003ca9   Thumb Code    58  mpu6050.o(i.mpu_get_roll)
    mpu_get_yaw                              0x08003ce9   Thumb Code    76  mpu6050.o(i.mpu_get_yaw)
    mpu_init                                 0x08003d41   Thumb Code    84  mpu6050.o(i.mpu_init)
    mpu_read_accel                           0x08003d9d   Thumb Code   192  mpu6050.o(i.mpu_read_accel)
    mpu_read_gyro                            0x08003e81   Thumb Code   156  mpu6050.o(i.mpu_read_gyro)
    mpu_reset                                0x08003f29   Thumb Code    42  mpu6050.o(i.mpu_reset)
    mpu_write                                0x08003f55   Thumb Code    32  mpu6050.o(i.mpu_write)
    osDelay                                  0x08003f79   Thumb Code    26  cmsis_os2.o(i.osDelay)
    osKernelInitialize                       0x08003f95   Thumb Code    32  cmsis_os2.o(i.osKernelInitialize)
    osKernelStart                            0x08003fb9   Thumb Code    48  cmsis_os2.o(i.osKernelStart)
    osMessageQueueGet                        0x08003ff1   Thumb Code    96  cmsis_os2.o(i.osMessageQueueGet)
    osMessageQueueNew                        0x08004055   Thumb Code    88  cmsis_os2.o(i.osMessageQueueNew)
    osMessageQueuePut                        0x080040ad   Thumb Code   100  cmsis_os2.o(i.osMessageQueuePut)
    osThreadNew                              0x08004115   Thumb Code   138  cmsis_os2.o(i.osThreadNew)
    pvPortMalloc                             0x08004935   Thumb Code   216  heap_4.o(i.pvPortMalloc)
    pxPortInitialiseStack                    0x08004a11   Thumb Code    40  port.o(i.pxPortInitialiseStack)
    register_read                            0x08004a3d   Thumb Code     8  register_helpers.o(i.register_read)
    string_handle                            0x08004a45   Thumb Code   164  main.o(i.string_handle)
    uartTaskFunc                             0x08004b21   Thumb Code    32  main.o(i.uartTaskFunc)
    uart_handle                              0x08004b49   Thumb Code    32  main.o(i.uart_handle)
    uxListRemove                             0x08004b71   Thumb Code    38  list.o(i.uxListRemove)
    vApplicationGetIdleTaskMemory            0x08004b99   Thumb Code    16  cmsis_os2.o(i.vApplicationGetIdleTaskMemory)
    vApplicationGetTimerTaskMemory           0x08004bad   Thumb Code    18  cmsis_os2.o(i.vApplicationGetTimerTaskMemory)
    vListInitialise                          0x08004bc5   Thumb Code    22  list.o(i.vListInitialise)
    vListInitialiseItem                      0x08004bdb   Thumb Code     6  list.o(i.vListInitialiseItem)
    vListInsert                              0x08004be1   Thumb Code    48  list.o(i.vListInsert)
    vListInsertEnd                           0x08004c11   Thumb Code    24  list.o(i.vListInsertEnd)
    vPortEnterCritical                       0x08004c29   Thumb Code    54  port.o(i.vPortEnterCritical)
    vPortExitCritical                        0x08004c69   Thumb Code    34  port.o(i.vPortExitCritical)
    vPortFree                                0x08004c91   Thumb Code    94  heap_4.o(i.vPortFree)
    vPortSetupTimerInterrupt                 0x08004cf5   Thumb Code    32  port.o(i.vPortSetupTimerInterrupt)
    vPortValidateInterruptPriority           0x08004d19   Thumb Code    74  port.o(i.vPortValidateInterruptPriority)
    vQueueAddToRegistry                      0x08004d6d   Thumb Code    34  queue.o(i.vQueueAddToRegistry)
    vQueueWaitForMessageRestricted           0x08004d95   Thumb Code    68  queue.o(i.vQueueWaitForMessageRestricted)
    vTaskDelay                               0x08004dd9   Thumb Code    66  tasks.o(i.vTaskDelay)
    vTaskInternalSetTimeOutState             0x08004e25   Thumb Code    12  tasks.o(i.vTaskInternalSetTimeOutState)
    vTaskMissedYield                         0x08004e35   Thumb Code     8  tasks.o(i.vTaskMissedYield)
    vTaskPlaceOnEventList                    0x08004e41   Thumb Code    44  tasks.o(i.vTaskPlaceOnEventList)
    vTaskPlaceOnEventListRestricted          0x08004e71   Thumb Code    52  tasks.o(i.vTaskPlaceOnEventListRestricted)
    vTaskStartScheduler                      0x08004ea9   Thumb Code   118  tasks.o(i.vTaskStartScheduler)
    vTaskSuspendAll                          0x08004f31   Thumb Code    10  tasks.o(i.vTaskSuspendAll)
    vTaskSwitchContext                       0x08004f41   Thumb Code    90  tasks.o(i.vTaskSwitchContext)
    xPortStartScheduler                      0x08004fa5   Thumb Code   222  port.o(i.xPortStartScheduler)
    xPortSysTickHandler                      0x08005099   Thumb Code    38  port.o(i.xPortSysTickHandler)
    xQueueGenericCreate                      0x080050c5   Thumb Code    66  queue.o(i.xQueueGenericCreate)
    xQueueGenericCreateStatic                0x08005107   Thumb Code   102  queue.o(i.xQueueGenericCreateStatic)
    xQueueGenericReset                       0x0800516d   Thumb Code   132  queue.o(i.xQueueGenericReset)
    xQueueGenericSend                        0x080051f5   Thumb Code   346  queue.o(i.xQueueGenericSend)
    xQueueGenericSendFromISR                 0x08005355   Thumb Code   190  queue.o(i.xQueueGenericSendFromISR)
    xQueueReceive                            0x08005415   Thumb Code   308  queue.o(i.xQueueReceive)
    xQueueReceiveFromISR                     0x0800554d   Thumb Code   154  queue.o(i.xQueueReceiveFromISR)
    xTaskCheckForTimeOut                     0x080055e9   Thumb Code   112  tasks.o(i.xTaskCheckForTimeOut)
    xTaskCreate                              0x0800565d   Thumb Code    90  tasks.o(i.xTaskCreate)
    xTaskCreateStatic                        0x080056b7   Thumb Code    86  tasks.o(i.xTaskCreateStatic)
    xTaskGetSchedulerState                   0x0800570d   Thumb Code    22  tasks.o(i.xTaskGetSchedulerState)
    xTaskGetTickCount                        0x08005729   Thumb Code     6  tasks.o(i.xTaskGetTickCount)
    xTaskIncrementTick                       0x08005735   Thumb Code   192  tasks.o(i.xTaskIncrementTick)
    xTaskPriorityDisinherit                  0x080057fd   Thumb Code   118  tasks.o(i.xTaskPriorityDisinherit)
    xTaskRemoveFromEventList                 0x0800587d   Thumb Code    98  tasks.o(i.xTaskRemoveFromEventList)
    xTaskResumeAll                           0x080058ed   Thumb Code   182  tasks.o(i.xTaskResumeAll)
    xTimerCreateTimerTask                    0x080059b1   Thumb Code    78  timers.o(i.xTimerCreateTimerTask)
    xTimerGenericCommand                     0x08005a11   Thumb Code    98  timers.o(i.xTimerGenericCommand)
    _get_lc_numeric                          0x08005a79   Thumb Code    44  lc_numeric_c.o(locale$$code)
    __aeabi_dneg                             0x08005aa5   Thumb Code     0  basic.o(x$fpl$basic)
    _dneg                                    0x08005aa5   Thumb Code     6  basic.o(x$fpl$basic)
    __aeabi_fneg                             0x08005aab   Thumb Code     0  basic.o(x$fpl$basic)
    _fneg                                    0x08005aab   Thumb Code     6  basic.o(x$fpl$basic)
    _dabs                                    0x08005ab1   Thumb Code     6  basic.o(x$fpl$basic)
    _fabs                                    0x08005ab7   Thumb Code     6  basic.o(x$fpl$basic)
    __aeabi_d2f                              0x08005abd   Thumb Code     0  d2f.o(x$fpl$d2f)
    _d2f                                     0x08005abd   Thumb Code    98  d2f.o(x$fpl$d2f)
    __aeabi_dadd                             0x08005b21   Thumb Code     0  daddsub_clz.o(x$fpl$dadd)
    _dadd                                    0x08005b21   Thumb Code   332  daddsub_clz.o(x$fpl$dadd)
    __aeabi_ddiv                             0x08005c71   Thumb Code     0  ddiv.o(x$fpl$ddiv)
    _ddiv                                    0x08005c71   Thumb Code   552  ddiv.o(x$fpl$ddiv)
    __aeabi_i2d                              0x08005f21   Thumb Code     0  dflt_clz.o(x$fpl$dflt)
    _dflt                                    0x08005f21   Thumb Code    46  dflt_clz.o(x$fpl$dflt)
    __aeabi_ui2d                             0x08005f4f   Thumb Code     0  dflt_clz.o(x$fpl$dfltu)
    _dfltu                                   0x08005f4f   Thumb Code    38  dflt_clz.o(x$fpl$dfltu)
    __aeabi_dmul                             0x08005f75   Thumb Code     0  dmul.o(x$fpl$dmul)
    _dmul                                    0x08005f75   Thumb Code   332  dmul.o(x$fpl$dmul)
    __fpl_dnaninf                            0x080060c9   Thumb Code   156  dnaninf.o(x$fpl$dnaninf)
    __fpl_dretinf                            0x08006165   Thumb Code    12  dretinf.o(x$fpl$dretinf)
    __aeabi_drsub                            0x08006171   Thumb Code     0  daddsub_clz.o(x$fpl$drsb)
    _drsb                                    0x08006171   Thumb Code    22  daddsub_clz.o(x$fpl$drsb)
    __aeabi_dsub                             0x08006189   Thumb Code     0  daddsub_clz.o(x$fpl$dsub)
    _dsub                                    0x08006189   Thumb Code   464  daddsub_clz.o(x$fpl$dsub)
    __aeabi_f2d                              0x0800635d   Thumb Code     0  f2d.o(x$fpl$f2d)
    _f2d                                     0x0800635d   Thumb Code    86  f2d.o(x$fpl$f2d)
    __fpl_fnaninf                            0x080063b3   Thumb Code   140  fnaninf.o(x$fpl$fnaninf)
    _fp_init                                 0x0800643f   Thumb Code    10  fpinit.o(x$fpl$fpinit)
    __fplib_config_fpu_vfp                   0x08006447   Thumb Code     0  fpinit.o(x$fpl$fpinit)
    __fplib_config_pureend_doubles           0x08006447   Thumb Code     0  fpinit.o(x$fpl$fpinit)
    __fpl_fretinf                            0x08006449   Thumb Code    10  fretinf.o(x$fpl$fretinf)
    _printf_fp_dec                           0x08006453   Thumb Code     4  printf1.o(x$fpl$printf1)
    __I$use$fp                               0x08006456   Number         0  usenofp.o(x$fpl$usenofp)
    uartTask_attributes                      0x08006458   Data          36  main.o(.constdata)
    mpuTask_attributes                       0x0800647c   Data          36  main.o(.constdata)
    imuQueue_attributes                      0x080064a0   Data          24  main.o(.constdata)
    AHBPrescTable                            0x080064b8   Data          16  system_stm32f4xx.o(.constdata)
    APBPrescTable                            0x080064c8   Data           8  system_stm32f4xx.o(.constdata)
    Region$$Table$$Base                      0x0800661c   Number         0  anon$$obj.o(Region$$Table)
    Region$$Table$$Limit                     0x0800663c   Number         0  anon$$obj.o(Region$$Table)
    data                                     0x20000000   Data           1  main.o(.data)
    buff_idx                                 0x20000001   Data           1  main.o(.data)
    flag_uart                                0x20000002   Data           1  main.o(.data)
    uartTaskHandle                           0x20000004   Data           4  main.o(.data)
    mpuTaskHandle                            0x20000008   Data           4  main.o(.data)
    imuQueueHandle                           0x2000000c   Data           4  main.o(.data)
    uwTickFreq                               0x20000010   Data           1  stm32f4xx_hal.o(.data)
    uwTickPrio                               0x20000014   Data           4  stm32f4xx_hal.o(.data)
    uwTick                                   0x20000018   Data           4  stm32f4xx_hal.o(.data)
    SystemCoreClock                          0x2000001c   Data           4  system_stm32f4xx.o(.data)
    gryo_x_raw                               0x20000020   Data           2  mpu6050.o(.data)
    gryo_y_raw                               0x20000022   Data           2  mpu6050.o(.data)
    gryo_z_raw                               0x20000024   Data           2  mpu6050.o(.data)
    accel_x_raw                              0x20000026   Data           2  mpu6050.o(.data)
    accel_y_raw                              0x20000028   Data           2  mpu6050.o(.data)
    accel_z_raw                              0x2000002a   Data           2  mpu6050.o(.data)
    imu_hi2c                                 0x20000034   Data           4  mpu6050.o(.data)
    ax                                       0x20000038   Data           4  mpu6050.o(.data)
    ay                                       0x2000003c   Data           4  mpu6050.o(.data)
    az                                       0x20000040   Data           4  mpu6050.o(.data)
    gx                                       0x20000044   Data           4  mpu6050.o(.data)
    gy                                       0x20000048   Data           4  mpu6050.o(.data)
    gz                                       0x2000004c   Data           4  mpu6050.o(.data)
    acc_offet_x                              0x20000050   Data           4  mpu6050.o(.data)
    acc_offet_y                              0x20000054   Data           4  mpu6050.o(.data)
    acc_offet_z                              0x20000058   Data           4  mpu6050.o(.data)
    temp                                     0x2000005c   Data           4  mpu6050.o(.data)
    pxCurrentTCB                             0x20000060   Data           4  tasks.o(.data)
    hi2c1                                    0x200000e0   Data          84  main.o(.bss)
    huart4                                   0x20000134   Data          72  main.o(.bss)
    buff                                     0x2000017c   Data          20  main.o(.bss)
    imu_data_copy                            0x20000190   Data          12  main.o(.bss)
    htim1                                    0x2000019c   Data          72  stm32f4xx_hal_timebase_tim.o(.bss)
    xQueueRegistry                           0x200001e4   Data          64  queue.o(.bss)
    __libspace_start                         0x20004ab8   Data          96  libspace.o(.bss)
    __temporary_stack_top$libspace           0x20004b18   Data           0  libspace.o(.bss)



==============================================================================

Memory Map of the image

  Image Entry point : 0x08000189

  Load Region LR_IROM1 (Base: 0x08000000, Size: 0x00006738, Max: 0x00100000, ABSOLUTE)

    Execution Region ER_IROM1 (Exec base: 0x08000000, Load base: 0x08000000, Size: 0x00006658, Max: 0x00100000, ABSOLUTE)

    Exec Addr    Load Addr    Size         Type   Attr      Idx    E Section Name        Object

    0x08000000   0x08000000   0x00000188   Data   RO            3    RESET               startup_stm32f407xx.o
    0x08000188   0x08000188   0x00000008   Code   RO         5537  * !!!main             c_w.l(__main.o)
    0x08000190   0x08000190   0x00000034   Code   RO         5831    !!!scatter          c_w.l(__scatter.o)
    0x080001c4   0x080001c4   0x0000001a   Code   RO         5833    !!handler_copy      c_w.l(__scatter_copy.o)
    0x080001de   0x080001de   0x00000002   PAD
    0x080001e0   0x080001e0   0x0000001c   Code   RO         5835    !!handler_zi        c_w.l(__scatter_zi.o)
    0x080001fc   0x080001fc   0x00000000   Code   RO         5522    .ARM.Collect$$_printf_percent$$00000000  c_w.l(_printf_percent.o)
    0x080001fc   0x080001fc   0x00000006   Code   RO         5521    .ARM.Collect$$_printf_percent$$00000003  c_w.l(_printf_f.o)
    0x08000202   0x08000202   0x00000004   Code   RO         5590    .ARM.Collect$$_printf_percent$$00000017  c_w.l(_printf_percent_end.o)
    0x08000206   0x08000206   0x00000002   Code   RO         5704    .ARM.Collect$$libinit$$00000000  c_w.l(libinit.o)
    0x08000208   0x08000208   0x00000004   Code   RO         5705    .ARM.Collect$$libinit$$00000001  c_w.l(libinit2.o)
    0x0800020c   0x0800020c   0x00000000   Code   RO         5708    .ARM.Collect$$libinit$$00000004  c_w.l(libinit2.o)
    0x0800020c   0x0800020c   0x00000000   Code   RO         5711    .ARM.Collect$$libinit$$0000000A  c_w.l(libinit2.o)
    0x0800020c   0x0800020c   0x00000000   Code   RO         5713    .ARM.Collect$$libinit$$0000000C  c_w.l(libinit2.o)
    0x0800020c   0x0800020c   0x00000000   Code   RO         5715    .ARM.Collect$$libinit$$0000000E  c_w.l(libinit2.o)
    0x0800020c   0x0800020c   0x00000006   Code   RO         5716    .ARM.Collect$$libinit$$0000000F  c_w.l(libinit2.o)
    0x08000212   0x08000212   0x00000000   Code   RO         5718    .ARM.Collect$$libinit$$00000011  c_w.l(libinit2.o)
    0x08000212   0x08000212   0x00000000   Code   RO         5720    .ARM.Collect$$libinit$$00000013  c_w.l(libinit2.o)
    0x08000212   0x08000212   0x00000000   Code   RO         5722    .ARM.Collect$$libinit$$00000015  c_w.l(libinit2.o)
    0x08000212   0x08000212   0x0000000a   Code   RO         5723    .ARM.Collect$$libinit$$00000016  c_w.l(libinit2.o)
    0x0800021c   0x0800021c   0x00000000   Code   RO         5724    .ARM.Collect$$libinit$$00000017  c_w.l(libinit2.o)
    0x0800021c   0x0800021c   0x00000000   Code   RO         5726    .ARM.Collect$$libinit$$00000019  c_w.l(libinit2.o)
    0x0800021c   0x0800021c   0x00000000   Code   RO         5728    .ARM.Collect$$libinit$$0000001B  c_w.l(libinit2.o)
    0x0800021c   0x0800021c   0x00000000   Code   RO         5730    .ARM.Collect$$libinit$$0000001D  c_w.l(libinit2.o)
    0x0800021c   0x0800021c   0x00000000   Code   RO         5732    .ARM.Collect$$libinit$$0000001F  c_w.l(libinit2.o)
    0x0800021c   0x0800021c   0x00000000   Code   RO         5734    .ARM.Collect$$libinit$$00000021  c_w.l(libinit2.o)
    0x0800021c   0x0800021c   0x00000000   Code   RO         5736    .ARM.Collect$$libinit$$00000023  c_w.l(libinit2.o)
    0x0800021c   0x0800021c   0x00000000   Code   RO         5738    .ARM.Collect$$libinit$$00000025  c_w.l(libinit2.o)
    0x0800021c   0x0800021c   0x00000000   Code   RO         5742    .ARM.Collect$$libinit$$0000002C  c_w.l(libinit2.o)
    0x0800021c   0x0800021c   0x00000000   Code   RO         5744    .ARM.Collect$$libinit$$0000002E  c_w.l(libinit2.o)
    0x0800021c   0x0800021c   0x00000000   Code   RO         5746    .ARM.Collect$$libinit$$00000030  c_w.l(libinit2.o)
    0x0800021c   0x0800021c   0x00000000   Code   RO         5748    .ARM.Collect$$libinit$$00000032  c_w.l(libinit2.o)
    0x0800021c   0x0800021c   0x00000002   Code   RO         5749    .ARM.Collect$$libinit$$00000033  c_w.l(libinit2.o)
    0x0800021e   0x0800021e   0x00000002   Code   RO         5796    .ARM.Collect$$libshutdown$$00000000  c_w.l(libshutdown.o)
    0x08000220   0x08000220   0x00000000   Code   RO         5814    .ARM.Collect$$libshutdown$$00000002  c_w.l(libshutdown2.o)
    0x08000220   0x08000220   0x00000000   Code   RO         5816    .ARM.Collect$$libshutdown$$00000004  c_w.l(libshutdown2.o)
    0x08000220   0x08000220   0x00000000   Code   RO         5819    .ARM.Collect$$libshutdown$$00000007  c_w.l(libshutdown2.o)
    0x08000220   0x08000220   0x00000000   Code   RO         5822    .ARM.Collect$$libshutdown$$0000000A  c_w.l(libshutdown2.o)
    0x08000220   0x08000220   0x00000000   Code   RO         5824    .ARM.Collect$$libshutdown$$0000000C  c_w.l(libshutdown2.o)
    0x08000220   0x08000220   0x00000000   Code   RO         5827    .ARM.Collect$$libshutdown$$0000000F  c_w.l(libshutdown2.o)
    0x08000220   0x08000220   0x00000002   Code   RO         5828    .ARM.Collect$$libshutdown$$00000010  c_w.l(libshutdown2.o)
    0x08000222   0x08000222   0x00000000   Code   RO         5577    .ARM.Collect$$rtentry$$00000000  c_w.l(__rtentry.o)
    0x08000222   0x08000222   0x00000000   Code   RO         5631    .ARM.Collect$$rtentry$$00000002  c_w.l(__rtentry2.o)
    0x08000222   0x08000222   0x00000006   Code   RO         5643    .ARM.Collect$$rtentry$$00000004  c_w.l(__rtentry4.o)
    0x08000228   0x08000228   0x00000000   Code   RO         5633    .ARM.Collect$$rtentry$$00000009  c_w.l(__rtentry2.o)
    0x08000228   0x08000228   0x00000004   Code   RO         5634    .ARM.Collect$$rtentry$$0000000A  c_w.l(__rtentry2.o)
    0x0800022c   0x0800022c   0x00000000   Code   RO         5636    .ARM.Collect$$rtentry$$0000000C  c_w.l(__rtentry2.o)
    0x0800022c   0x0800022c   0x00000008   Code   RO         5637    .ARM.Collect$$rtentry$$0000000D  c_w.l(__rtentry2.o)
    0x08000234   0x08000234   0x00000002   Code   RO         5750    .ARM.Collect$$rtexit$$00000000  c_w.l(rtexit.o)
    0x08000236   0x08000236   0x00000000   Code   RO         5765    .ARM.Collect$$rtexit$$00000002  c_w.l(rtexit2.o)
    0x08000236   0x08000236   0x00000004   Code   RO         5766    .ARM.Collect$$rtexit$$00000003  c_w.l(rtexit2.o)
    0x0800023a   0x0800023a   0x00000006   Code   RO         5767    .ARM.Collect$$rtexit$$00000004  c_w.l(rtexit2.o)
    0x08000240   0x08000240   0x000000be   Code   RO         5414    .emb_text           port.o
    0x080002fe   0x080002fe   0x00000002   PAD
    0x08000300   0x08000300   0x00000040   Code   RO            4    .text               startup_stm32f407xx.o
    0x08000340   0x08000340   0x000000ee   Code   RO         5493    .text               c_w.l(lludivv7m.o)
    0x0800042e   0x0800042e   0x00000002   PAD
    0x08000430   0x08000430   0x00000034   Code   RO         5497    .text               c_w.l(noretval__2snprintf.o)
    0x08000464   0x08000464   0x0000010e   Code   RO         5509    .text               c_w.l(__printf_wp.o)
    0x08000572   0x08000572   0x0000003e   Code   RO         5523    .text               c_w.l(strlen.o)
    0x080005b0   0x080005b0   0x0000008a   Code   RO         5525    .text               c_w.l(rt_memcpy_v6.o)
    0x0800063a   0x0800063a   0x00000010   Code   RO         5529    .text               c_w.l(aeabi_memset.o)
    0x0800064a   0x0800064a   0x0000004e   Code   RO         5531    .text               c_w.l(rt_memclr_w.o)
    0x08000698   0x08000698   0x00000080   Code   RO         5533    .text               c_w.l(strcmpv7m.o)
    0x08000718   0x08000718   0x00000006   Code   RO         5535    .text               c_w.l(heapauxi.o)
    0x0800071e   0x0800071e   0x0000041e   Code   RO         5582    .text               c_w.l(_printf_fp_dec.o)
    0x08000b3c   0x08000b3c   0x00000030   Code   RO         5584    .text               c_w.l(_printf_char_common.o)
    0x08000b6c   0x08000b6c   0x0000000a   Code   RO         5586    .text               c_w.l(_sputc.o)
    0x08000b76   0x08000b76   0x00000010   Code   RO         5588    .text               c_w.l(_snputc.o)
    0x08000b86   0x08000b86   0x00000064   Code   RO         5591    .text               c_w.l(rt_memcpy_w.o)
    0x08000bea   0x08000bea   0x00000044   Code   RO         5593    .text               c_w.l(rt_memclr.o)
    0x08000c2e   0x08000c2e   0x00000002   PAD
    0x08000c30   0x08000c30   0x00000008   Code   RO         5650    .text               c_w.l(rt_locale_intlibspace.o)
    0x08000c38   0x08000c38   0x0000008a   Code   RO         5652    .text               c_w.l(lludiv10.o)
    0x08000cc2   0x08000cc2   0x00000002   PAD
    0x08000cc4   0x08000cc4   0x00000080   Code   RO         5654    .text               c_w.l(_printf_fp_infnan.o)
    0x08000d44   0x08000d44   0x000000e4   Code   RO         5658    .text               c_w.l(bigflt0.o)
    0x08000e28   0x08000e28   0x00000008   Code   RO         5688    .text               c_w.l(libspace.o)
    0x08000e30   0x08000e30   0x0000004a   Code   RO         5691    .text               c_w.l(sys_stackheap_outer.o)
    0x08000e7a   0x08000e7a   0x00000012   Code   RO         5693    .text               c_w.l(exit.o)
    0x08000e8c   0x08000e8c   0x0000000c   Code   RO         5762    .text               c_w.l(sys_exit.o)
    0x08000e98   0x08000e98   0x00000002   Code   RO         5783    .text               c_w.l(use_no_semi.o)
    0x08000e9a   0x08000e9a   0x00000000   Code   RO         5785    .text               c_w.l(indicate_semi.o)
    0x08000e9a   0x08000e9a   0x0000003e   Code   RO         5661    CL$$btod_d2e        c_w.l(btod.o)
    0x08000ed8   0x08000ed8   0x00000046   Code   RO         5663    CL$$btod_d2e_denorm_low  c_w.l(btod.o)
    0x08000f1e   0x08000f1e   0x00000060   Code   RO         5662    CL$$btod_d2e_norm_op1  c_w.l(btod.o)
    0x08000f7e   0x08000f7e   0x00000338   Code   RO         5671    CL$$btod_div_common  c_w.l(btod.o)
    0x080012b6   0x080012b6   0x000000dc   Code   RO         5668    CL$$btod_e2e        c_w.l(btod.o)
    0x08001392   0x08001392   0x0000002a   Code   RO         5665    CL$$btod_ediv       c_w.l(btod.o)
    0x080013bc   0x080013bc   0x0000002a   Code   RO         5664    CL$$btod_emul       c_w.l(btod.o)
    0x080013e6   0x080013e6   0x00000244   Code   RO         5670    CL$$btod_mult_common  c_w.l(btod.o)
    0x0800162a   0x0800162a   0x00000002   Code   RO          268    i.BusFault_Handler  stm32f4xx_it.o
    0x0800162c   0x0800162c   0x00000002   Code   RO          269    i.DebugMon_Handler  stm32f4xx_it.o
    0x0800162e   0x0800162e   0x00000002   PAD
    0x08001630   0x08001630   0x00000014   Code   RO         3530    i.EXTI0_IRQHandler  exti.o
    0x08001644   0x08001644   0x00000092   Code   RO         1860    i.HAL_DMA_Abort     stm32f4xx_hal_dma.o
    0x080016d6   0x080016d6   0x00000024   Code   RO         1861    i.HAL_DMA_Abort_IT  stm32f4xx_hal_dma.o
    0x080016fa   0x080016fa   0x00000002   PAD
    0x080016fc   0x080016fc   0x00000024   Code   RO         2297    i.HAL_Delay         stm32f4xx_hal.o
    0x08001720   0x08001720   0x000001f0   Code   RO         1753    i.HAL_GPIO_Init     stm32f4xx_hal_gpio.o
    0x08001910   0x08001910   0x00000010   Code   RO         1756    i.HAL_GPIO_TogglePin  stm32f4xx_hal_gpio.o
    0x08001920   0x08001920   0x0000000a   Code   RO         1757    i.HAL_GPIO_WritePin  stm32f4xx_hal_gpio.o
    0x0800192a   0x0800192a   0x00000002   PAD
    0x0800192c   0x0800192c   0x0000000c   Code   RO         2303    i.HAL_GetTick       stm32f4xx_hal.o
    0x08001938   0x08001938   0x00000188   Code   RO         2559    i.HAL_I2C_Init      stm32f4xx_hal_i2c.o
    0x08001ac0   0x08001ac0   0x0000016c   Code   RO         2560    i.HAL_I2C_IsDeviceReady  stm32f4xx_hal_i2c.o
    0x08001c2c   0x08001c2c   0x00000204   Code   RO         2577    i.HAL_I2C_Mem_Read  stm32f4xx_hal_i2c.o
    0x08001e30   0x08001e30   0x00000130   Code   RO         2580    i.HAL_I2C_Mem_Write  stm32f4xx_hal_i2c.o
    0x08001f60   0x08001f60   0x00000068   Code   RO          339    i.HAL_I2C_MspInit   stm32f4xx_hal_msp.o
    0x08001fc8   0x08001fc8   0x00000010   Code   RO         2309    i.HAL_IncTick       stm32f4xx_hal.o
    0x08001fd8   0x08001fd8   0x00000034   Code   RO         2310    i.HAL_Init          stm32f4xx_hal.o
    0x0800200c   0x0800200c   0x0000008c   Code   RO          386    i.HAL_InitTick      stm32f4xx_hal_timebase_tim.o
    0x08002098   0x08002098   0x00000038   Code   RO          340    i.HAL_MspInit       stm32f4xx_hal_msp.o
    0x080020d0   0x080020d0   0x0000001a   Code   RO         2145    i.HAL_NVIC_EnableIRQ  stm32f4xx_hal_cortex.o
    0x080020ea   0x080020ea   0x00000002   PAD
    0x080020ec   0x080020ec   0x00000040   Code   RO         2151    i.HAL_NVIC_SetPriority  stm32f4xx_hal_cortex.o
    0x0800212c   0x0800212c   0x00000024   Code   RO         2152    i.HAL_NVIC_SetPriorityGrouping  stm32f4xx_hal_cortex.o
    0x08002150   0x08002150   0x00000134   Code   RO         1399    i.HAL_RCC_ClockConfig  stm32f4xx_hal_rcc.o
    0x08002284   0x08002284   0x00000040   Code   RO         1403    i.HAL_RCC_GetClockConfig  stm32f4xx_hal_rcc.o
    0x080022c4   0x080022c4   0x00000020   Code   RO         1406    i.HAL_RCC_GetPCLK1Freq  stm32f4xx_hal_rcc.o
    0x080022e4   0x080022e4   0x00000020   Code   RO         1407    i.HAL_RCC_GetPCLK2Freq  stm32f4xx_hal_rcc.o
    0x08002304   0x08002304   0x00000060   Code   RO         1408    i.HAL_RCC_GetSysClockFreq  stm32f4xx_hal_rcc.o
    0x08002364   0x08002364   0x0000036c   Code   RO         1411    i.HAL_RCC_OscConfig  stm32f4xx_hal_rcc.o
    0x080026d0   0x080026d0   0x00000002   Code   RO         1131    i.HAL_TIMEx_BreakCallback  stm32f4xx_hal_tim_ex.o
    0x080026d2   0x080026d2   0x00000002   Code   RO         1132    i.HAL_TIMEx_CommutCallback  stm32f4xx_hal_tim_ex.o
    0x080026d4   0x080026d4   0x0000005a   Code   RO          427    i.HAL_TIM_Base_Init  stm32f4xx_hal_tim.o
    0x0800272e   0x0800272e   0x00000002   Code   RO          429    i.HAL_TIM_Base_MspInit  stm32f4xx_hal_tim.o
    0x08002730   0x08002730   0x00000080   Code   RO          432    i.HAL_TIM_Base_Start_IT  stm32f4xx_hal_tim.o
    0x080027b0   0x080027b0   0x00000002   Code   RO          461    i.HAL_TIM_IC_CaptureCallback  stm32f4xx_hal_tim.o
    0x080027b2   0x080027b2   0x00000130   Code   RO          475    i.HAL_TIM_IRQHandler  stm32f4xx_hal_tim.o
    0x080028e2   0x080028e2   0x00000002   Code   RO          478    i.HAL_TIM_OC_DelayElapsedCallback  stm32f4xx_hal_tim.o
    0x080028e4   0x080028e4   0x00000002   Code   RO          505    i.HAL_TIM_PWM_PulseFinishedCallback  stm32f4xx_hal_tim.o
    0x080028e6   0x080028e6   0x00000002   PAD
    0x080028e8   0x080028e8   0x00000014   Code   RO           14    i.HAL_TIM_PeriodElapsedCallback  main.o
    0x080028fc   0x080028fc   0x00000002   Code   RO          518    i.HAL_TIM_TriggerCallback  stm32f4xx_hal_tim.o
    0x080028fe   0x080028fe   0x00000002   Code   RO         3015    i.HAL_UARTEx_RxEventCallback  stm32f4xx_hal_uart.o
    0x08002900   0x08002900   0x00000002   Code   RO         3029    i.HAL_UART_ErrorCallback  stm32f4xx_hal_uart.o
    0x08002902   0x08002902   0x00000002   PAD
    0x08002904   0x08002904   0x00000270   Code   RO         3032    i.HAL_UART_IRQHandler  stm32f4xx_hal_uart.o
    0x08002b74   0x08002b74   0x00000064   Code   RO         3033    i.HAL_UART_Init     stm32f4xx_hal_uart.o
    0x08002bd8   0x08002bd8   0x00000078   Code   RO          342    i.HAL_UART_MspInit  stm32f4xx_hal_msp.o
    0x08002c50   0x08002c50   0x0000001c   Code   RO         3038    i.HAL_UART_Receive_IT  stm32f4xx_hal_uart.o
    0x08002c6c   0x08002c6c   0x00000038   Code   RO           15    i.HAL_UART_RxCpltCallback  main.o
    0x08002ca4   0x08002ca4   0x000000a0   Code   RO         3041    i.HAL_UART_Transmit  stm32f4xx_hal_uart.o
    0x08002d44   0x08002d44   0x00000002   Code   RO         3044    i.HAL_UART_TxCpltCallback  stm32f4xx_hal_uart.o
    0x08002d46   0x08002d46   0x00000002   Code   RO          270    i.HardFault_Handler  stm32f4xx_it.o
    0x08002d48   0x08002d48   0x0000002e   Code   RO         2602    i.I2C_IsAcknowledgeFailed  stm32f4xx_hal_i2c.o
    0x08002d76   0x08002d76   0x00000002   PAD
    0x08002d78   0x08002d78   0x000000fc   Code   RO         2612    i.I2C_RequestMemoryRead  stm32f4xx_hal_i2c.o
    0x08002e74   0x08002e74   0x000000a8   Code   RO         2613    i.I2C_RequestMemoryWrite  stm32f4xx_hal_i2c.o
    0x08002f1c   0x08002f1c   0x00000056   Code   RO         2617    i.I2C_WaitOnBTFFlagUntilTimeout  stm32f4xx_hal_i2c.o
    0x08002f72   0x08002f72   0x00000002   PAD
    0x08002f74   0x08002f74   0x00000090   Code   RO         2618    i.I2C_WaitOnFlagUntilTimeout  stm32f4xx_hal_i2c.o
    0x08003004   0x08003004   0x000000bc   Code   RO         2619    i.I2C_WaitOnMasterAddressFlagUntilTimeout  stm32f4xx_hal_i2c.o
    0x080030c0   0x080030c0   0x00000070   Code   RO         2620    i.I2C_WaitOnRXNEFlagUntilTimeout  stm32f4xx_hal_i2c.o
    0x08003130   0x08003130   0x00000056   Code   RO         2621    i.I2C_WaitOnTXEFlagUntilTimeout  stm32f4xx_hal_i2c.o
    0x08003186   0x08003186   0x00000002   PAD
    0x08003188   0x08003188   0x000000ac   Code   RO           16    i.MX_GPIO_Init      main.o
    0x08003234   0x08003234   0x00000002   Code   RO          271    i.MemManage_Handler  stm32f4xx_it.o
    0x08003236   0x08003236   0x00000002   Code   RO          272    i.NMI_Handler       stm32f4xx_it.o
    0x08003238   0x08003238   0x0000001a   Code   RO         4846    i.SysTick_Handler   cmsis_os2.o
    0x08003252   0x08003252   0x00000002   PAD
    0x08003254   0x08003254   0x00000090   Code   RO           17    i.SystemClock_Config  main.o
    0x080032e4   0x080032e4   0x00000010   Code   RO         3367    i.SystemInit        system_stm32f4xx.o
    0x080032f4   0x080032f4   0x0000000c   Code   RO          273    i.TIM1_UP_TIM10_IRQHandler  stm32f4xx_it.o
    0x08003300   0x08003300   0x000000d8   Code   RO          520    i.TIM_Base_SetConfig  stm32f4xx_hal_tim.o
    0x080033d8   0x080033d8   0x0000000c   Code   RO          274    i.UART4_IRQHandler  stm32f4xx_it.o
    0x080033e4   0x080033e4   0x00000010   Code   RO         3046    i.UART_DMAAbortOnError  stm32f4xx_hal_uart.o
    0x080033f4   0x080033f4   0x0000004e   Code   RO         3056    i.UART_EndRxTransfer  stm32f4xx_hal_uart.o
    0x08003442   0x08003442   0x000000c2   Code   RO         3058    i.UART_Receive_IT   stm32f4xx_hal_uart.o
    0x08003504   0x08003504   0x0000010c   Code   RO         3059    i.UART_SetConfig    stm32f4xx_hal_uart.o
    0x08003610   0x08003610   0x00000036   Code   RO         3061    i.UART_Start_Receive_IT  stm32f4xx_hal_uart.o
    0x08003646   0x08003646   0x00000072   Code   RO         3062    i.UART_WaitOnFlagUntilTimeout  stm32f4xx_hal_uart.o
    0x080036b8   0x080036b8   0x00000002   Code   RO          275    i.UsageFault_Handler  stm32f4xx_it.o
    0x080036ba   0x080036ba   0x00000030   Code   RO         5626    i.__ARM_fpclassify  m_wm.l(fpclassify.o)
    0x080036ea   0x080036ea   0x00000020   Code   RO         2158    i.__NVIC_SetPriority  stm32f4xx_hal_cortex.o
    0x0800370a   0x0800370a   0x00000006   PAD
    0x08003710   0x08003710   0x000002d8   Code   RO         5563    i.__hardfp_atan     m_wm.l(atan.o)
    0x080039e8   0x080039e8   0x000000f8   Code   RO         5628    i.__kernel_poly     m_wm.l(poly.o)
    0x08003ae0   0x08003ae0   0x00000014   Code   RO         5607    i.__mathlib_dbl_infnan  m_wm.l(dunder.o)
    0x08003af4   0x08003af4   0x00000004   PAD
    0x08003af8   0x08003af8   0x00000020   Code   RO         5612    i.__mathlib_dbl_underflow  m_wm.l(dunder.o)
    0x08003b18   0x08003b18   0x0000000e   Code   RO         5511    i._is_digit         c_w.l(__printf_wp.o)
    0x08003b26   0x08003b26   0x00000012   Code   RO         3490    i.bit_set           register_helpers.o
    0x08003b38   0x08003b38   0x00000002   Code   RO         3533    i.exti_callback     exti.o
    0x08003b3a   0x08003b3a   0x00000018   Code   RO         5622    i.fabs              m_wm.l(fabs.o)
    0x08003b52   0x08003b52   0x00000002   PAD
    0x08003b54   0x08003b54   0x000000b0   Code   RO           18    i.main              main.o
    0x08003c04   0x08003c04   0x0000005c   Code   RO           19    i.mpuTaskFunc       main.o
    0x08003c60   0x08003c60   0x00000048   Code   RO         3646    i.mpu_get_pitch     mpu6050.o
    0x08003ca8   0x08003ca8   0x00000040   Code   RO         3647    i.mpu_get_roll      mpu6050.o
    0x08003ce8   0x08003ce8   0x00000058   Code   RO         3648    i.mpu_get_yaw       mpu6050.o
    0x08003d40   0x08003d40   0x0000005c   Code   RO         3649    i.mpu_init          mpu6050.o
    0x08003d9c   0x08003d9c   0x000000e4   Code   RO         3650    i.mpu_read_accel    mpu6050.o
    0x08003e80   0x08003e80   0x000000a8   Code   RO         3651    i.mpu_read_gyro     mpu6050.o
    0x08003f28   0x08003f28   0x0000002a   Code   RO         3653    i.mpu_reset         mpu6050.o
    0x08003f52   0x08003f52   0x00000002   PAD
    0x08003f54   0x08003f54   0x00000024   Code   RO         3654    i.mpu_write         mpu6050.o
    0x08003f78   0x08003f78   0x0000001a   Code   RO         4848    i.osDelay           cmsis_os2.o
    0x08003f92   0x08003f92   0x00000002   PAD
    0x08003f94   0x08003f94   0x00000024   Code   RO         4862    i.osKernelInitialize  cmsis_os2.o
    0x08003fb8   0x08003fb8   0x00000038   Code   RO         4865    i.osKernelStart     cmsis_os2.o
    0x08003ff0   0x08003ff0   0x00000064   Code   RO         4877    i.osMessageQueueGet  cmsis_os2.o
    0x08004054   0x08004054   0x00000058   Code   RO         4882    i.osMessageQueueNew  cmsis_os2.o
    0x080040ac   0x080040ac   0x00000068   Code   RO         4883    i.osMessageQueuePut  cmsis_os2.o
    0x08004114   0x08004114   0x0000008a   Code   RO         4907    i.osThreadNew       cmsis_os2.o
    0x0800419e   0x0800419e   0x00000002   PAD
    0x080041a0   0x080041a0   0x0000005c   Code   RO         4307    i.prvAddCurrentTaskToDelayedList  tasks.o
    0x080041fc   0x080041fc   0x000000d0   Code   RO         4308    i.prvAddNewTaskToReadyList  tasks.o
    0x080042cc   0x080042cc   0x00000058   Code   RO         4672    i.prvCheckForValidListAndQueue  timers.o
    0x08004324   0x08004324   0x00000026   Code   RO         3904    i.prvCopyDataFromQueue  queue.o
    0x0800434a   0x0800434a   0x0000006c   Code   RO         3905    i.prvCopyDataToQueue  queue.o
    0x080043b6   0x080043b6   0x00000034   Code   RO         4309    i.prvDeleteTCB      tasks.o
    0x080043ea   0x080043ea   0x00000002   PAD
    0x080043ec   0x080043ec   0x0000004c   Code   RO         5359    i.prvHeapInit       heap_4.o
    0x08004438   0x08004438   0x00000060   Code   RO         4310    i.prvIdleTask       tasks.o
    0x08004498   0x08004498   0x00000022   Code   RO         3907    i.prvInitialiseNewQueue  queue.o
    0x080044ba   0x080044ba   0x00000002   PAD
    0x080044bc   0x080044bc   0x000000b0   Code   RO         4311    i.prvInitialiseNewTask  tasks.o
    0x0800456c   0x0800456c   0x0000004c   Code   RO         5360    i.prvInsertBlockIntoFreeList  heap_4.o
    0x080045b8   0x080045b8   0x00000038   Code   RO         4674    i.prvInsertTimerInActiveList  timers.o
    0x080045f0   0x080045f0   0x0000001c   Code   RO         3908    i.prvIsQueueEmpty   queue.o
    0x0800460c   0x0800460c   0x000000fc   Code   RO         4675    i.prvProcessReceivedCommands  timers.o
    0x08004708   0x08004708   0x000000c0   Code   RO         4676    i.prvProcessTimerOrBlockTask  timers.o
    0x080047c8   0x080047c8   0x00000020   Code   RO         4313    i.prvResetNextTaskUnblockTime  tasks.o
    0x080047e8   0x080047e8   0x00000028   Code   RO         4677    i.prvSampleTimeNow  timers.o
    0x08004810   0x08004810   0x0000006c   Code   RO         4678    i.prvSwitchTimerLists  timers.o
    0x0800487c   0x0800487c   0x00000028   Code   RO         5415    i.prvTaskExitError  port.o
    0x080048a4   0x080048a4   0x00000024   Code   RO         4679    i.prvTimerTask      timers.o
    0x080048c8   0x080048c8   0x0000006a   Code   RO         3909    i.prvUnlockQueue    queue.o
    0x08004932   0x08004932   0x00000002   PAD
    0x08004934   0x08004934   0x000000dc   Code   RO         5361    i.pvPortMalloc      heap_4.o
    0x08004a10   0x08004a10   0x0000002c   Code   RO         5416    i.pxPortInitialiseStack  port.o
    0x08004a3c   0x08004a3c   0x00000008   Code   RO         3491    i.register_read     register_helpers.o
    0x08004a44   0x08004a44   0x000000dc   Code   RO           20    i.string_handle     main.o
    0x08004b20   0x08004b20   0x00000028   Code   RO           21    i.uartTaskFunc      main.o
    0x08004b48   0x08004b48   0x00000028   Code   RO           22    i.uart_handle       main.o
    0x08004b70   0x08004b70   0x00000026   Code   RO         3864    i.uxListRemove      list.o
    0x08004b96   0x08004b96   0x00000002   PAD
    0x08004b98   0x08004b98   0x00000014   Code   RO         4919    i.vApplicationGetIdleTaskMemory  cmsis_os2.o
    0x08004bac   0x08004bac   0x00000018   Code   RO         4920    i.vApplicationGetTimerTaskMemory  cmsis_os2.o
    0x08004bc4   0x08004bc4   0x00000016   Code   RO         3865    i.vListInitialise   list.o
    0x08004bda   0x08004bda   0x00000006   Code   RO         3866    i.vListInitialiseItem  list.o
    0x08004be0   0x08004be0   0x00000030   Code   RO         3867    i.vListInsert       list.o
    0x08004c10   0x08004c10   0x00000018   Code   RO         3868    i.vListInsertEnd    list.o
    0x08004c28   0x08004c28   0x00000040   Code   RO         5418    i.vPortEnterCritical  port.o
    0x08004c68   0x08004c68   0x00000028   Code   RO         5419    i.vPortExitCritical  port.o
    0x08004c90   0x08004c90   0x00000064   Code   RO         5362    i.vPortFree         heap_4.o
    0x08004cf4   0x08004cf4   0x00000024   Code   RO         5420    i.vPortSetupTimerInterrupt  port.o
    0x08004d18   0x08004d18   0x00000054   Code   RO         5421    i.vPortValidateInterruptPriority  port.o
    0x08004d6c   0x08004d6c   0x00000028   Code   RO         3915    i.vQueueAddToRegistry  queue.o
    0x08004d94   0x08004d94   0x00000044   Code   RO         3919    i.vQueueWaitForMessageRestricted  queue.o
    0x08004dd8   0x08004dd8   0x0000004c   Code   RO         4326    i.vTaskDelay        tasks.o
    0x08004e24   0x08004e24   0x00000010   Code   RO         4331    i.vTaskInternalSetTimeOutState  tasks.o
    0x08004e34   0x08004e34   0x0000000c   Code   RO         4332    i.vTaskMissedYield  tasks.o
    0x08004e40   0x08004e40   0x00000030   Code   RO         4334    i.vTaskPlaceOnEventList  tasks.o
    0x08004e70   0x08004e70   0x00000038   Code   RO         4335    i.vTaskPlaceOnEventListRestricted  tasks.o
    0x08004ea8   0x08004ea8   0x00000088   Code   RO         4343    i.vTaskStartScheduler  tasks.o
    0x08004f30   0x08004f30   0x00000010   Code   RO         4345    i.vTaskSuspendAll   tasks.o
    0x08004f40   0x08004f40   0x00000064   Code   RO         4346    i.vTaskSwitchContext  tasks.o
    0x08004fa4   0x08004fa4   0x000000f4   Code   RO         5422    i.xPortStartScheduler  port.o
    0x08005098   0x08005098   0x0000002c   Code   RO         5423    i.xPortSysTickHandler  port.o
    0x080050c4   0x080050c4   0x00000042   Code   RO         3924    i.xQueueGenericCreate  queue.o
    0x08005106   0x08005106   0x00000066   Code   RO         3925    i.xQueueGenericCreateStatic  queue.o
    0x0800516c   0x0800516c   0x00000088   Code   RO         3926    i.xQueueGenericReset  queue.o
    0x080051f4   0x080051f4   0x00000160   Code   RO         3927    i.xQueueGenericSend  queue.o
    0x08005354   0x08005354   0x000000be   Code   RO         3928    i.xQueueGenericSendFromISR  queue.o
    0x08005412   0x08005412   0x00000002   PAD
    0x08005414   0x08005414   0x00000138   Code   RO         3937    i.xQueueReceive     queue.o
    0x0800554c   0x0800554c   0x0000009a   Code   RO         3938    i.xQueueReceiveFromISR  queue.o
    0x080055e6   0x080055e6   0x00000002   PAD
    0x080055e8   0x080055e8   0x00000074   Code   RO         4348    i.xTaskCheckForTimeOut  tasks.o
    0x0800565c   0x0800565c   0x0000005a   Code   RO         4349    i.xTaskCreate       tasks.o
    0x080056b6   0x080056b6   0x00000056   Code   RO         4350    i.xTaskCreateStatic  tasks.o
    0x0800570c   0x0800570c   0x0000001c   Code   RO         4354    i.xTaskGetSchedulerState  tasks.o
    0x08005728   0x08005728   0x0000000c   Code   RO         4355    i.xTaskGetTickCount  tasks.o
    0x08005734   0x08005734   0x000000c8   Code   RO         4357    i.xTaskIncrementTick  tasks.o
    0x080057fc   0x080057fc   0x00000080   Code   RO         4360    i.xTaskPriorityDisinherit  tasks.o
    0x0800587c   0x0800587c   0x00000070   Code   RO         4362    i.xTaskRemoveFromEventList  tasks.o
    0x080058ec   0x080058ec   0x000000c4   Code   RO         4363    i.xTaskResumeAll    tasks.o
    0x080059b0   0x080059b0   0x00000060   Code   RO         4688    i.xTimerCreateTimerTask  timers.o
    0x08005a10   0x08005a10   0x00000068   Code   RO         4689    i.xTimerGenericCommand  timers.o
    0x08005a78   0x08005a78   0x0000002c   Code   RO         5684    locale$$code        c_w.l(lc_numeric_c.o)
    0x08005aa4   0x08005aa4   0x00000018   Code   RO         5595    x$fpl$basic         fz_wm.l(basic.o)
    0x08005abc   0x08005abc   0x00000062   Code   RO         5539    x$fpl$d2f           fz_wm.l(d2f.o)
    0x08005b1e   0x08005b1e   0x00000002   PAD
    0x08005b20   0x08005b20   0x00000150   Code   RO         5541    x$fpl$dadd          fz_wm.l(daddsub_clz.o)
    0x08005c70   0x08005c70   0x000002b0   Code   RO         5548    x$fpl$ddiv          fz_wm.l(ddiv.o)
    0x08005f20   0x08005f20   0x0000002e   Code   RO         5552    x$fpl$dflt          fz_wm.l(dflt_clz.o)
    0x08005f4e   0x08005f4e   0x00000026   Code   RO         5551    x$fpl$dfltu         fz_wm.l(dflt_clz.o)
    0x08005f74   0x08005f74   0x00000154   Code   RO         5557    x$fpl$dmul          fz_wm.l(dmul.o)
    0x080060c8   0x080060c8   0x0000009c   Code   RO         5597    x$fpl$dnaninf       fz_wm.l(dnaninf.o)
    0x08006164   0x08006164   0x0000000c   Code   RO         5599    x$fpl$dretinf       fz_wm.l(dretinf.o)
    0x08006170   0x08006170   0x00000016   Code   RO         5542    x$fpl$drsb          fz_wm.l(daddsub_clz.o)
    0x08006186   0x08006186   0x00000002   PAD
    0x08006188   0x08006188   0x000001d4   Code   RO         5543    x$fpl$dsub          fz_wm.l(daddsub_clz.o)
    0x0800635c   0x0800635c   0x00000056   Code   RO         5559    x$fpl$f2d           fz_wm.l(f2d.o)
    0x080063b2   0x080063b2   0x0000008c   Code   RO         5601    x$fpl$fnaninf       fz_wm.l(fnaninf.o)
    0x0800643e   0x0800643e   0x0000000a   Code   RO         5760    x$fpl$fpinit        fz_wm.l(fpinit.o)
    0x08006448   0x08006448   0x0000000a   Code   RO         5603    x$fpl$fretinf       fz_wm.l(fretinf.o)
    0x08006452   0x08006452   0x00000004   Code   RO         5561    x$fpl$printf1       fz_wm.l(printf1.o)
    0x08006456   0x08006456   0x00000000   Code   RO         5605    x$fpl$usenofp       fz_wm.l(usenofp.o)
    0x08006456   0x08006456   0x00000002   PAD
    0x08006458   0x08006458   0x00000060   Data   RO           24    .constdata          main.o
    0x080064b8   0x080064b8   0x00000010   Data   RO         3368    .constdata          system_stm32f4xx.o
    0x080064c8   0x080064c8   0x00000008   Data   RO         3369    .constdata          system_stm32f4xx.o
    0x080064d0   0x080064d0   0x00000098   Data   RO         5566    .constdata          m_wm.l(atan.o)
    0x08006568   0x08006568   0x00000094   Data   RO         5659    .constdata          c_w.l(bigflt0.o)
    0x080065fc   0x080065fc   0x00000020   Data   RO           25    .conststring        main.o
    0x0800661c   0x0800661c   0x00000020   Data   RO         5829    Region$$Table       anon$$obj.o
    0x0800663c   0x0800663c   0x0000001c   Data   RO         5683    locale$$data        c_w.l(lc_numeric_c.o)


    Execution Region RW_IRAM1 (Exec base: 0x20000000, Load base: 0x08006658, Size: 0x00005118, Max: 0x0001c000, ABSOLUTE)

    Exec Addr    Load Addr    Size         Type   Attr      Idx    E Section Name        Object

    0x20000000   0x08006658   0x00000010   Data   RW           26    .data               main.o
    0x20000010   0x08006668   0x0000000c   Data   RW         2317    .data               stm32f4xx_hal.o
    0x2000001c   0x08006674   0x00000004   Data   RW         3370    .data               system_stm32f4xx.o
    0x20000020   0x08006678   0x00000040   Data   RW         3658    .data               mpu6050.o
    0x20000060   0x080066b8   0x0000003c   Data   RW         4366    .data               tasks.o
    0x2000009c   0x080066f4   0x00000014   Data   RW         4697    .data               timers.o
    0x200000b0   0x08006708   0x00000004   Data   RW         4922    .data               cmsis_os2.o
    0x200000b4   0x0800670c   0x00000020   Data   RW         5368    .data               heap_4.o
    0x200000d4   0x0800672c   0x0000000c   Data   RW         5424    .data               port.o
    0x200000e0        -       0x000000bc   Zero   RW           23    .bss                main.o
    0x2000019c        -       0x00000048   Zero   RW          389    .bss                stm32f4xx_hal_timebase_tim.o
    0x200001e4        -       0x00000040   Zero   RW         3941    .bss                queue.o
    0x20000224        -       0x000004c4   Zero   RW         4365    .bss                tasks.o
    0x200006e8        -       0x00000118   Zero   RW         4696    .bss                timers.o
    0x20000800        -       0x000006b8   Zero   RW         4921    .bss                cmsis_os2.o
    0x20000eb8        -       0x00003c00   Zero   RW         5367    .bss                heap_4.o
    0x20004ab8        -       0x00000060   Zero   RW         5689    .bss                c_w.l(libspace.o)
    0x20004b18        -       0x00000200   Zero   RW            2    HEAP                startup_stm32f407xx.o
    0x20004d18        -       0x00000400   Zero   RW            1    STACK               startup_stm32f407xx.o


    Execution Region RW_IRAM2 (Exec base: 0x2001c000, Load base: 0x08006738, Size: 0x00000000, Max: 0x00004000, ABSOLUTE)

    **** No section assigned to this execution region ****


==============================================================================

Image component sizes


      Code (inc. data)   RO Data    RW Data    ZI Data      Debug   Object Name

       618         30          0          4       1720      68807   cmsis_os2.o
         0          0          0          0          0      19580   event_groups.o
        22          4          0          0          0        995   exti.o
       472         24          0         32      15360       5019   heap_4.o
       138          0          0          0          0       3702   list.o
       960        152        128         16        188     717058   main.o
       790         84          0         64          0       6088   mpu6050.o
       786         82          0         12          0      11817   port.o
      1734         20          0          0         64      20345   queue.o
        26          0          0          0          0       1657   register_helpers.o
        64         26        392          0       1536        868   startup_stm32f407xx.o
       116         18          0         12          0       8898   stm32f4xx_hal.o
       158         14          0          0          0      33158   stm32f4xx_hal_cortex.o
       182          0          0          0          0       2175   stm32f4xx_hal_dma.o
       522         46          0          0          0       2941   stm32f4xx_hal_gpio.o
      2658         62          0          0          0      14986   stm32f4xx_hal_i2c.o
       280         30          0          0          0       2427   stm32f4xx_hal_msp.o
      1408         82          0          0          0       6081   stm32f4xx_hal_rcc.o
       748         74          0          0          0       7772   stm32f4xx_hal_tim.o
         4          0          0          0          0       1713   stm32f4xx_hal_tim_ex.o
       140         22          0          0         72       1503   stm32f4xx_hal_timebase_tim.o
      1642         16          0          0          0      11788   stm32f4xx_hal_uart.o
        36         12          0          0          0       3943   stm32f4xx_it.o
         0          0          0          0          0        392   stream_buffer.o
        16          4         24          4          0       1207   system_stm32f4xx.o
      2084        168          0         60       1220      27580   tasks.o
       972         80          0         20        280      32571   timers.o

    ----------------------------------------------------------------------
     16622       1050        576        224      20440    1015071   Object Totals
         0          0         32          0          0          0   (incl. Generated)
        46          0          0          0          0          0   (incl. Padding)

    ----------------------------------------------------------------------

      Code (inc. data)   RO Data    RW Data    ZI Data      Debug   Library Member Name

         8          0          0          0          0         68   __main.o
       284          0          0          0          0        156   __printf_wp.o
         0          0          0          0          0          0   __rtentry.o
        12          0          0          0          0          0   __rtentry2.o
         6          0          0          0          0          0   __rtentry4.o
        52          8          0          0          0          0   __scatter.o
        26          0          0          0          0          0   __scatter_copy.o
        28          0          0          0          0          0   __scatter_zi.o
        48          6          0          0          0         96   _printf_char_common.o
         6          0          0          0          0          0   _printf_f.o
      1054          0          0          0          0        216   _printf_fp_dec.o
       128         16          0          0          0         84   _printf_fp_infnan.o
         0          0          0          0          0          0   _printf_percent.o
         4          0          0          0          0          0   _printf_percent_end.o
        16          0          0          0          0         68   _snputc.o
        10          0          0          0          0         68   _sputc.o
        16          0          0          0          0         68   aeabi_memset.o
       228          4        148          0          0         96   bigflt0.o
      1936        128          0          0          0        672   btod.o
        18          0          0          0          0         80   exit.o
         6          0          0          0          0        152   heapauxi.o
         0          0          0          0          0          0   indicate_semi.o
        44         10         28          0          0         76   lc_numeric_c.o
         2          0          0          0          0          0   libinit.o
        22          0          0          0          0          0   libinit2.o
         2          0          0          0          0          0   libshutdown.o
         2          0          0          0          0          0   libshutdown2.o
         8          4          0          0         96         68   libspace.o
       138          0          0          0          0         80   lludiv10.o
       238          0          0          0          0        100   lludivv7m.o
        52          4          0          0          0         84   noretval__2snprintf.o
         8          4          0          0          0         68   rt_locale_intlibspace.o
        68          0          0          0          0         68   rt_memclr.o
        78          0          0          0          0         80   rt_memclr_w.o
       138          0          0          0          0         68   rt_memcpy_v6.o
       100          0          0          0          0         80   rt_memcpy_w.o
         2          0          0          0          0          0   rtexit.o
        10          0          0          0          0          0   rtexit2.o
       128          0          0          0          0         68   strcmpv7m.o
        62          0          0          0          0         76   strlen.o
        12          4          0          0          0         68   sys_exit.o
        74          0          0          0          0         80   sys_stackheap_outer.o
         2          0          0          0          0         68   use_no_semi.o
        24          0          0          0          0        164   basic.o
        98          4          0          0          0        140   d2f.o
       826         16          0          0          0        492   daddsub_clz.o
       688        140          0          0          0        256   ddiv.o
        84          0          0          0          0        232   dflt_clz.o
       340         12          0          0          0        152   dmul.o
       156          4          0          0          0        140   dnaninf.o
        12          0          0          0          0        116   dretinf.o
        86          4          0          0          0        132   f2d.o
       140          4          0          0          0        132   fnaninf.o
        10          0          0          0          0        116   fpinit.o
        10          0          0          0          0        116   fretinf.o
         4          0          0          0          0        116   printf1.o
         0          0          0          0          0          0   usenofp.o
       728        106        152          0          0        228   atan.o
        52          8          0          0          0        248   dunder.o
        24          0          0          0          0        124   fabs.o
        48          0          0          0          0        124   fpclassify.o
       248          0          0          0          0        152   poly.o

    ----------------------------------------------------------------------
      8674        486        328          0         96       6136   Library Totals
        20          0          0          0          0          0   (incl. Padding)

    ----------------------------------------------------------------------

      Code (inc. data)   RO Data    RW Data    ZI Data      Debug   Library Name

      5076        188        176          0         96       2956   c_w.l
      2478        184          0          0          0       2304   fz_wm.l
      1100        114        152          0          0        876   m_wm.l

    ----------------------------------------------------------------------
      8674        486        328          0         96       6136   Library Totals

    ----------------------------------------------------------------------

==============================================================================


      Code (inc. data)   RO Data    RW Data    ZI Data      Debug   

     25296       1536        904        224      20536    1001843   Grand Totals
     25296       1536        904        224      20536    1001843   ELF Image Totals
     25296       1536        904        224          0          0   ROM Totals

==============================================================================

    Total RO  Size (Code + RO Data)                26200 (  25.59kB)
    Total RW  Size (RW Data + ZI Data)             20760 (  20.27kB)
    Total ROM Size (Code + RO Data + RW Data)      26424 (  25.80kB)

==============================================================================

